<html>
<body>
<pre>
<h1>µVision Build Log</h1>
<h2>Project:</h2>
D:\EM-Proj\new\Race-Game\SpaceInvaders.uvproj
Project File Date:  05/17/2023

<h2>Output:</h2>
Build target 'SpaceInvaders'
compiling SpaceInvaders.c...
GPIO_cnfg.h(2): warning:  #1-D: last line of file ends without a newline
  #define MAX_PINS_NUM 8
GPIO_cnfg.h(2): warning:  #1-D: last line of file ends without a newline
  #define MAX_PINS_NUM 8
SpaceInvaders.c(194): warning:  #550-D: variable "delay" was set but never used
   int delay;
SpaceInvaders.c: 3 warnings, 0 errors
linking...
Program Size: Code=4856 RO-data=1768 RW-data=116 ZI-data=1684  
".\SpaceInvaders.axf" - 0 Error(s), 3 Warning(s).
</pre>
</body>
</html>
..
GPIO_cnfg.h(2): warning:  #1-D: last line of file ends without a newline
  #define MAX_PINS_NUM 8
GPIO_cnfg.h(2): warning:  #1-D: last line of file ends without a newline
  #define MAX_PINS_NUM 8
SpaceInvaders.c(194): warning:  #550-D: variable "delay" was set but never used
   int delay;
SpaceInvaders.c: 3 warnings, 0 errors
"SpaceInvaders.c" - 0 Error(s), 3 Warning(s).
