ARM Linker, 5.03 [Build 76] [MDK-ARM Lite]

==============================================================================

Section Cross References

    startup.o(STACK) refers (Special) to heapauxi.o(.text) for __use_two_region_memory
    startup.o(HEAP) refers (Special) to heapauxi.o(.text) for __use_two_region_memory
    startup.o(RESET) refers (Special) to heapauxi.o(.text) for __use_two_region_memory
    startup.o(RESET) refers to startup.o(STACK) for StackMem
    startup.o(RESET) refers to spaceinvaders.o(i.GPIOPortB_Handler) for GPIOPortB_Handler
    startup.o(RESET) refers to spaceinvaders.o(i.Timer2A_Handler) for Timer2A_Handler
    startup.o(RESET) refers to texas.o(i.Timer4A_Handler) for Timer4A_Handler
    startup.o(RESET) refers to texas.o(i.Timer5A_Handler) for Timer5A_Handler
    startup.o(RESET) refers to __main.o(!!!main) for __main
    startup.o(.text) refers (Special) to heapauxi.o(.text) for __use_two_region_memory
    startup.o(.text) refers to startup.o(HEAP) for HeapMem
    startup.o(.text) refers to startup.o(STACK) for StackMem
    nokia5110.o(i.Nokia5110_Clear) refers to nokia5110.o(i.lcdwrite) for lcdwrite
    nokia5110.o(i.Nokia5110_Clear) refers to nokia5110.o(i.Nokia5110_SetCursor) for Nokia5110_SetCursor
    nokia5110.o(i.Nokia5110_ClearBuffer) refers to nokia5110.o(.bss) for Screen
    nokia5110.o(i.Nokia5110_DisplayBuffer) refers to nokia5110.o(i.Nokia5110_DrawFullImage) for Nokia5110_DrawFullImage
    nokia5110.o(i.Nokia5110_DisplayBuffer) refers to nokia5110.o(.bss) for Screen
    nokia5110.o(i.Nokia5110_DrawFullImage) refers to nokia5110.o(i.Nokia5110_SetCursor) for Nokia5110_SetCursor
    nokia5110.o(i.Nokia5110_DrawFullImage) refers to nokia5110.o(i.lcdwrite) for lcdwrite
    nokia5110.o(i.Nokia5110_Init) refers to nokia5110.o(i.lcdwrite) for lcdwrite
    nokia5110.o(i.Nokia5110_OutChar) refers to nokia5110.o(i.lcdwrite) for lcdwrite
    nokia5110.o(i.Nokia5110_OutChar) refers to nokia5110.o(.constdata) for ASCII
    nokia5110.o(i.Nokia5110_OutString) refers to nokia5110.o(i.Nokia5110_OutChar) for Nokia5110_OutChar
    nokia5110.o(i.Nokia5110_OutUDec) refers to nokia5110.o(i.Nokia5110_OutString) for Nokia5110_OutString
    nokia5110.o(i.Nokia5110_OutUDec) refers to nokia5110.o(i.Nokia5110_OutChar) for Nokia5110_OutChar
    nokia5110.o(i.Nokia5110_PrintBMP) refers to nokia5110.o(.bss) for Screen
    nokia5110.o(i.Nokia5110_SetCursor) refers to nokia5110.o(i.lcdwrite) for lcdwrite
    random.o(.text) refers to random.o(DATA) for M
    spaceinvaders.o(i.Check_Col) refers to _printf_percent.o(.ARM.Collect$$_printf_percent$$00000000) for _printf_percent
    spaceinvaders.o(i.Check_Col) refers to _printf_u.o(.ARM.Collect$$_printf_percent$$0000000A) for _printf_u
    spaceinvaders.o(i.Check_Col) refers to _printf_dec.o(.text) for _printf_int_dec
    spaceinvaders.o(i.Check_Col) refers to _printf_d.o(.ARM.Collect$$_printf_percent$$00000009) for _printf_d
    spaceinvaders.o(i.Check_Col) refers to nokia5110.o(i.Nokia5110_PrintBMP) for Nokia5110_PrintBMP
    spaceinvaders.o(i.Check_Col) refers to nokia5110.o(i.Nokia5110_DisplayBuffer) for Nokia5110_DisplayBuffer
    spaceinvaders.o(i.Check_Col) refers to spaceinvaders.o(i.Delay100ms) for Delay100ms
    spaceinvaders.o(i.Check_Col) refers to nokia5110.o(i.Nokia5110_Clear) for Nokia5110_Clear
    spaceinvaders.o(i.Check_Col) refers to gpio.o(i.GPIO_write_pin) for GPIO_write_pin
    spaceinvaders.o(i.Check_Col) refers to nokia5110.o(i.Nokia5110_SetCursor) for Nokia5110_SetCursor
    spaceinvaders.o(i.Check_Col) refers to nokia5110.o(i.Nokia5110_OutString) for Nokia5110_OutString
    spaceinvaders.o(i.Check_Col) refers to noretval__2sprintf.o(.text) for __2sprintf
    spaceinvaders.o(i.Check_Col) refers to spaceinvaders.o(.data) for rCarHeight
    spaceinvaders.o(i.Check_Col) refers to spaceinvaders.o(.constdata) for BigExplosion1
    spaceinvaders.o(i.Draw_Cars) refers to nokia5110.o(i.Nokia5110_ClearBuffer) for Nokia5110_ClearBuffer
    spaceinvaders.o(i.Draw_Cars) refers to nokia5110.o(i.Nokia5110_PrintBMP) for Nokia5110_PrintBMP
    spaceinvaders.o(i.Draw_Cars) refers to nokia5110.o(i.Nokia5110_DisplayBuffer) for Nokia5110_DisplayBuffer
    spaceinvaders.o(i.Draw_Cars) refers to spaceinvaders.o(.data) for ypos
    spaceinvaders.o(i.Draw_Cars) refers to spaceinvaders.o(.constdata) for rCar
    spaceinvaders.o(i.GPIOPortB_Handler) refers to timer.o(i.timer_init) for timer_init
    spaceinvaders.o(i.GPIOPortB_Handler) refers to spaceinvaders.o(.data) for game_state
    spaceinvaders.o(i.GPIOPortB_Handler) refers to tim_cng.o(.data) for Timer2
    spaceinvaders.o(i.Timer2A_Handler) refers to timer.o(i.clear_Int) for clear_Int
    spaceinvaders.o(i.Timer2A_Handler) refers to spaceinvaders.o(i.Check_Col) for Check_Col
    spaceinvaders.o(i.Timer2A_Handler) refers to spaceinvaders.o(i.Draw_Cars) for Draw_Cars
[...]
    __printf_flags_wp.o(.text) refers to _printf_percent.o(.ARM.Collect$$_printf_percent$$00000000) for _printf_percent
    __printf_flags_wp.o(.text) refers to __printf_flags_wp.o(.constdata) for .constdata
    __printf_ss_wp.o(.text) refers to __printf_wp.o(i._is_digit) for _is_digit
    __printf_ss_wp.o(.text) refers to _printf_percent.o(.ARM.Collect$$_printf_percent$$00000000) for _printf_percent
    __printf_flags_ss_wp.o(.text) refers to __printf_wp.o(i._is_digit) for _is_digit
    __printf_flags_ss_wp.o(.text) refers to _printf_percent.o(.ARM.Collect$$_printf_percent$$00000000) for _printf_percent
    __printf_flags_ss_wp.o(.text) refers to __printf_flags_ss_wp.o(.constdata) for .constdata
    _printf_d.o(.ARM.Collect$$_printf_percent$$00000009) refers (Weak) to _printf_dec.o(.text) for _printf_int_dec
    _printf_u.o(.ARM.Collect$$_printf_percent$$0000000A) refers (Weak) to _printf_dec.o(.text) for _printf_int_dec
    _printf_percent.o(.ARM.Collect$$_printf_percent$$00000000) refers (Special) to _printf_percent_end.o(.ARM.Collect$$_printf_percent$$00000017) for _printf_percent_end
    __main.o(!!!main) refers to rtentry.o(.ARM.Collect$$rtentry$$00000000) for __rt_entry
    d2f.o(x$fpl$d2f) refers (Special) to usenofp.o(x$fpl$usenofp) for __I$use$fp
    d2f.o(x$fpl$d2f) refers to fretinf.o(x$fpl$fretinf) for __fpl_fretinf
    d2f.o(x$fpl$d2f) refers to dnaninf.o(x$fpl$dnaninf) for __fpl_dnaninf
    daddsub_clz.o(x$fpl$dadd) refers (Special) to usenofp.o(x$fpl$usenofp) for __I$use$fp
    daddsub_clz.o(x$fpl$dadd) refers to daddsub_clz.o(x$fpl$dsub) for _dsub1
    daddsub_clz.o(x$fpl$dadd) refers to dretinf.o(x$fpl$dretinf) for __fpl_dretinf
    daddsub_clz.o(x$fpl$dadd) refers to dnaninf.o(x$fpl$dnaninf) for __fpl_dnaninf
    daddsub_clz.o(x$fpl$drsb) refers (Special) to usenofp.o(x$fpl$usenofp) for __I$use$fp
    daddsub_clz.o(x$fpl$drsb) refers to daddsub_clz.o(x$fpl$dadd) for _dadd1
    daddsub_clz.o(x$fpl$drsb) refers to daddsub_clz.o(x$fpl$dsub) for _dsub1
    daddsub_clz.o(x$fpl$dsub) refers (Special) to usenofp.o(x$fpl$usenofp) for __I$use$fp
    daddsub_clz.o(x$fpl$dsub) refers to daddsub_clz.o(x$fpl$dadd) for _dadd1
    daddsub_clz.o(x$fpl$dsub) refers to dnaninf.o(x$fpl$dnaninf) for __fpl_dnaninf
    ddiv.o(x$fpl$drdiv) refers (Special) to usenofp.o(x$fpl$usenofp) for __I$use$fp
    ddiv.o(x$fpl$drdiv) refers to ddiv.o(x$fpl$ddiv) for ddiv_entry
    ddiv.o(x$fpl$ddiv) refers (Special) to usenofp.o(x$fpl$usenofp) for __I$use$fp
    ddiv.o(x$fpl$ddiv) refers to dretinf.o(x$fpl$dretinf) for __fpl_dretinf
    ddiv.o(x$fpl$ddiv) refers to dnaninf.o(x$fpl$dnaninf) for __fpl_dnaninf
    dmul.o(x$fpl$dmul) refers (Special) to usenofp.o(x$fpl$usenofp) for __I$use$fp
    dmul.o(x$fpl$dmul) refers to dretinf.o(x$fpl$dretinf) for __fpl_dretinf
    dmul.o(x$fpl$dmul) refers to dnaninf.o(x$fpl$dnaninf) for __fpl_dnaninf
    f2d.o(x$fpl$f2d) refers (Special) to usenofp.o(x$fpl$usenofp) for __I$use$fp
    f2d.o(x$fpl$f2d) refers to fnaninf.o(x$fpl$fnaninf) for __fpl_fnaninf
    f2d.o(x$fpl$f2d) refers to dretinf.o(x$fpl$dretinf) for __fpl_dretinf
    ffix.o(x$fpl$ffix) refers (Special) to usenofp.o(x$fpl$usenofp) for __I$use$fp
    ffix.o(x$fpl$ffix) refers to fnaninf.o(x$fpl$fnaninf) for __fpl_fnaninf
    ffix.o(x$fpl$ffixr) refers (Special) to usenofp.o(x$fpl$usenofp) for __I$use$fp
    ffix.o(x$fpl$ffixr) refers to fnaninf.o(x$fpl$fnaninf) for __fpl_fnaninf
    fflt_clz.o(x$fpl$ffltu) refers (Special) to usenofp.o(x$fpl$usenofp) for __I$use$fp
    fflt_clz.o(x$fpl$fflt) refers (Special) to usenofp.o(x$fpl$usenofp) for __I$use$fp
    fflt_clz.o(x$fpl$ffltn) refers (Special) to usenofp.o(x$fpl$usenofp) for __I$use$fp
    fmul.o(x$fpl$fmul) refers (Special) to usenofp.o(x$fpl$usenofp) for __I$use$fp
    fmul.o(x$fpl$fmul) refers to fretinf.o(x$fpl$fretinf) for __fpl_fretinf
    fmul.o(x$fpl$fmul) refers to fnaninf.o(x$fpl$fnaninf) for __fpl_fnaninf
    rtentry.o(.ARM.Collect$$rtentry$$00000000) refers (Special) to rtentry2.o(.ARM.Collect$$rtentry$$0000000A) for __rt_entry_li
    rtentry.o(.ARM.Collect$$rtentry$$00000000) refers (Special) to rtentry2.o(.ARM.Collect$$rtentry$$0000000D) for __rt_entry_main
    rtentry.o(.ARM.Collect$$rtentry$$00000000) refers (Special) to rtentry2.o(.ARM.Collect$$rtentry$$0000000C) for __rt_entry_postli_1
    rtentry.o(.ARM.Collect$$rtentry$$00000000) refers (Special) to rtentry2.o(.ARM.Collect$$rtentry$$00000009) for __rt_entry_postsh_1
    rtentry.o(.ARM.Collect$$rtentry$$00000000) refers (Special) to rtentry2.o(.ARM.Collect$$rtentry$$00000002) for __rt_entry_presh_1
    rtentry.o(.ARM.Collect$$rtentry$$00000000) refers (Special) to rtentry4.o(.ARM.Collect$$rtentry$$00000004) for __rt_entry_sh
    _printf_char_common.o(.text) refers to __printf.o(.text) for __printf
    dnaninf.o(x$fpl$dnaninf) refers (Special) to usenofp.o(x$fpl$usenofp) for __I$use$fp
    dretinf.o(x$fpl$dretinf) refers (Special) to usenofp.o(x$fpl$usenofp) for __I$use$fp
    fnaninf.o(x$fpl$fnaninf) refers (Special) to usenofp.o(x$fpl$usenofp) for __I$use$fp
    fretinf.o(x$fpl$fretinf) refers (Special) to usenofp.o(x$fpl$usenofp) for __I$use$fp
    rtentry2.o(.ARM.Collect$$rtentry$$00000008) refers to boardinit2.o(.text) for _platform_post_stackheap_init
    rtentry2.o(.ARM.Collect$$rtentry$$0000000A) refers to libinit.o(.ARM.Collect$$libinit$$00000000) for __rt_lib_init
    rtentry2.o(.ARM.Collect$$rtentry$$0000000B) refers to boardinit3.o(.text) for _platform_post_lib_init
    rtentry2.o(.ARM.Collect$$rtentry$$0000000D) refers to spaceinvaders.o(i.main) for main
    rtentry2.o(.ARM.Collect$$rtentry$$0000000D) refers to exit.o(.text) for exit
    rtentry2.o(.ARM.exidx) refers to rtentry2.o(.ARM.Collect$$rtentry$$00000001) for .ARM.Collect$$rtentry$$00000001
    rtentry2.o(.ARM.exidx) refers to rtentry2.o(.ARM.Collect$$rtentry$$00000008) for .ARM.Collect$$rtentry$$00000008
    rtentry2.o(.ARM.exidx) refers to rtentry2.o(.ARM.Collect$$rtentry$$0000000A) for .ARM.Collect$$rtentry$$0000000A
    rtentry2.o(.ARM.exidx) refers to rtentry2.o(.ARM.Collect$$rtentry$$0000000B) for .ARM.Collect$$rtentry$$0000000B
    rtentry2.o(.ARM.exidx) refers to rtentry2.o(.ARM.Collect$$rtentry$$0000000D) for .ARM.Collect$$rtentry$$0000000D
    rtentry4.o(.ARM.Collect$$rtentry$$00000004) refers to sys_stackheap_outer.o(.text) for __user_setup_stackheap
    rtentry4.o(.ARM.exidx) refers to rtentry4.o(.ARM.Collect$$rtentry$$00000004) for .ARM.Collect$$rtentry$$00000004
    sys_stackheap_outer.o(.text) refers to libspace.o(.text) for __user_perproc_libspace
    sys_stackheap_outer.o(.text) refers to startup.o(.text) for __user_initial_stackheap
    exit.o(.text) refers to rtexit.o(.ARM.Collect$$rtexit$$00000000) for __rt_exit
    libinit.o(.ARM.Collect$$libinit$$00000000) refers (Special) to libinit2.o(.ARM.Collect$$libinit$$0000002C) for __rt_lib_init_alloca_1
    libinit.o(.ARM.Collect$$libinit$$00000000) refers (Special) to libinit2.o(.ARM.Collect$$libinit$$0000002A) for __rt_lib_init_argv_1
    libinit.o(.ARM.Collect$$libinit$$00000000) refers (Special) to libinit2.o(.ARM.Collect$$libinit$$00000019) for __rt_lib_init_atexit_1
    libinit.o(.ARM.Collect$$libinit$$00000000) refers (Special) to libinit2.o(.ARM.Collect$$libinit$$0000001F) for __rt_lib_init_clock_1
    libinit.o(.ARM.Collect$$libinit$$00000000) refers (Special) to libinit2.o(.ARM.Collect$$libinit$$00000030) for __rt_lib_init_cpp_1
    libinit.o(.ARM.Collect$$libinit$$00000000) refers (Special) to libinit2.o(.ARM.Collect$$libinit$$0000002E) for __rt_lib_init_exceptions_1
    libinit.o(.ARM.Collect$$libinit$$00000000) refers (Special) to libinit2.o(.ARM.Collect$$libinit$$00000002) for __rt_lib_init_fp_1
    libinit.o(.ARM.Collect$$libinit$$00000000) refers (Special) to libinit2.o(.ARM.Collect$$libinit$$0000001D) for __rt_lib_init_fp_trap_1
    libinit.o(.ARM.Collect$$libinit$$00000000) refers (Special) to libinit2.o(.ARM.Collect$$libinit$$00000021) for __rt_lib_init_getenv_1
    libinit.o(.ARM.Collect$$libinit$$00000000) refers (Special) to libinit2.o(.ARM.Collect$$libinit$$00000008) for __rt_lib_init_heap_1
    libinit.o(.ARM.Collect$$libinit$$00000000) refers (Special) to libinit2.o(.ARM.Collect$$libinit$$0000000F) for __rt_lib_init_lc_collate_1
    libinit.o(.ARM.Collect$$libinit$$00000000) refers (Special) to libinit2.o(.ARM.Collect$$libinit$$00000011) for __rt_lib_init_lc_ctype_1
    libinit.o(.ARM.Collect$$libinit$$00000000) refers (Special) to libinit2.o(.ARM.Collect$$libinit$$00000013) for __rt_lib_init_lc_monetary_1
    libinit.o(.ARM.Collect$$libinit$$00000000) refers (Special) to libinit2.o(.ARM.Collect$$libinit$$00000015) for __rt_lib_init_lc_numeric_1
    libinit.o(.ARM.Collect$$libinit$$00000000) refers (Special) to libinit2.o(.ARM.Collect$$libinit$$00000017) for __rt_lib_init_lc_time_1
    libinit.o(.ARM.Collect$$libinit$$00000000) refers (Special) to libinit2.o(.ARM.Collect$$libinit$$0000000C) for __rt_lib_init_rand_1
    libinit.o(.ARM.Collect$$libinit$$00000000) refers (Special) to libinit2.o(.ARM.Collect$$libinit$$00000031) for __rt_lib_init_return
    libinit.o(.ARM.Collect$$libinit$$00000000) refers (Special) to libinit2.o(.ARM.Collect$$libinit$$0000001B) for __rt_lib_init_signal_1
    libinit.o(.ARM.Collect$$libinit$$00000000) refers (Special) to libinit2.o(.ARM.Collect$$libinit$$00000023) for __rt_lib_init_stdio_1
    libinit.o(.ARM.Collect$$libinit$$00000000) refers (Special) to libinit2.o(.ARM.Collect$$libinit$$0000000A) for __rt_lib_init_user_alloc_1
    libspace.o(.text) refers to libspace.o(.bss) for __libspace_start
    rtexit.o(.ARM.Collect$$rtexit$$00000000) refers (Special) to rtexit2.o(.ARM.Collect$$rtexit$$00000004) for __rt_exit_exit
    rtexit.o(.ARM.Collect$$rtexit$$00000000) refers (Special) to rtexit2.o(.ARM.Collect$$rtexit$$00000003) for __rt_exit_ls
    rtexit.o(.ARM.Collect$$rtexit$$00000000) refers (Special) to rtexit2.o(.ARM.Collect$$rtexit$$00000002) for __rt_exit_prels_1
    rtexit.o(.ARM.exidx) refers (Special) to rtexit2.o(.ARM.Collect$$rtexit$$00000004) for __rt_exit_exit
    rtexit.o(.ARM.exidx) refers (Special) to rtexit2.o(.ARM.Collect$$rtexit$$00000003) for __rt_exit_ls
    rtexit.o(.ARM.exidx) refers (Special) to rtexit2.o(.ARM.Collect$$rtexit$$00000002) for __rt_exit_prels_1
    rtexit.o(.ARM.exidx) refers to rtexit.o(.ARM.Collect$$rtexit$$00000000) for .ARM.Collect$$rtexit$$00000000
    libinit2.o(.ARM.Collect$$libinit$$0000000E) refers to libinit2.o(.ARM.Collect$$libinit$$0000000D) for .ARM.Collect$$libinit$$0000000D
    libinit2.o(.ARM.Collect$$libinit$$00000010) refers to libinit2.o(.ARM.Collect$$libinit$$0000000D) for .ARM.Collect$$libinit$$0000000D
    libinit2.o(.ARM.Collect$$libinit$$00000012) refers to libinit2.o(.ARM.Collect$$libinit$$0000000D) for .ARM.Collect$$libinit$$0000000D
    libinit2.o(.ARM.Collect$$libinit$$00000014) refers to libinit2.o(.ARM.Collect$$libinit$$0000000D) for .ARM.Collect$$libinit$$0000000D
    libinit2.o(.ARM.Collect$$libinit$$00000016) refers to libinit2.o(.ARM.Collect$$libinit$$0000000D) for .ARM.Collect$$libinit$$0000000D
    libinit2.o(.ARM.Collect$$libinit$$00000024) refers to argv_veneer.o(.emb_text) for __ARM_argv_veneer
    libinit2.o(.ARM.Collect$$libinit$$00000025) refers to argv_veneer.o(.emb_text) for __ARM_argv_veneer
    rtexit2.o(.ARM.Collect$$rtexit$$00000003) refers to libshutdown.o(.ARM.Collect$$libshutdown$$00000000) for __rt_lib_shutdown
    rtexit2.o(.ARM.Collect$$rtexit$$00000004) refers to sys_exit.o(.text) for _sys_exit
    rtexit2.o(.ARM.exidx) refers to rtexit2.o(.ARM.Collect$$rtexit$$00000001) for .ARM.Collect$$rtexit$$00000001
    rtexit2.o(.ARM.exidx) refers to rtexit2.o(.ARM.Collect$$rtexit$$00000003) for .ARM.Collect$$rtexit$$00000003
    rtexit2.o(.ARM.exidx) refers to rtexit2.o(.ARM.Collect$$rtexit$$00000004) for .ARM.Collect$$rtexit$$00000004
    argv_veneer.o(.emb_text) refers to no_argv.o(.text) for __ARM_get_argv
    sys_exit.o(.text) refers (Special) to use_no_semi.o(.text) for __I$use$semihosting
    sys_exit.o(.text) refers (Special) to indicate_semi.o(.text) for __semihosting_library_function
    _get_argv_nomalloc.o(.text) refers (Special) to hrguard.o(.text) for __heap_region$guard
    _get_argv_nomalloc.o(.text) refers to defsig_rtmem_outer.o(.text) for __rt_SIGRTMEM
    _get_argv_nomalloc.o(.text) refers to sys_command.o(.text) for _sys_command_string
    libshutdown.o(.ARM.Collect$$libshutdown$$00000000) refers (Special) to libshutdown2.o(.ARM.Collect$$libshutdown$$00000006) for __rt_lib_shutdown_fp_trap_1
    libshutdown.o(.ARM.Collect$$libshutdown$$00000000) refers (Special) to libshutdown2.o(.ARM.Collect$$libshutdown$$0000000E) for __rt_lib_shutdown_heap_1
    libshutdown.o(.ARM.Collect$$libshutdown$$00000000) refers (Special) to libshutdown2.o(.ARM.Collect$$libshutdown$$0000000F) for __rt_lib_shutdown_return
    libshutdown.o(.ARM.Collect$$libshutdown$$00000000) refers (Special) to libshutdown2.o(.ARM.Collect$$libshutdown$$00000009) for __rt_lib_shutdown_signal_1
    libshutdown.o(.ARM.Collect$$libshutdown$$00000000) refers (Special) to libshutdown2.o(.ARM.Collect$$libshutdown$$00000003) for __rt_lib_shutdown_stdio_1
    libshutdown.o(.ARM.Collect$$libshutdown$$00000000) refers (Special) to libshutdown2.o(.ARM.Collect$$libshutdown$$0000000B) for __rt_lib_shutdown_user_alloc_1
    sys_command.o(.text) refers (Special) to use_no_semi.o(.text) for __I$use$semihosting
    sys_command.o(.text) refers (Special) to indicate_semi.o(.text) for __semihosting_library_function
    defsig_rtmem_outer.o(.text) refers to defsig_rtmem_inner.o(.text) for __rt_SIGRTMEM_inner
    defsig_rtmem_outer.o(.text) refers to defsig_exit.o(.text) for __sig_exit
    defsig_rtmem_formal.o(.text) refers to rt_raise.o(.text) for __rt_raise
    rt_raise.o(.text) refers to __raise.o(.text) for __raise
    rt_raise.o(.text) refers to sys_exit.o(.text) for _sys_exit
    defsig_exit.o(.text) refers to sys_exit.o(.text) for _sys_exit
    defsig_rtmem_inner.o(.text) refers to defsig_general.o(.text) for __default_signal_display
    __raise.o(.text) refers to defsig.o(CL$$defsig) for __default_signal_handler
    defsig_general.o(.text) refers to sys_wrch.o(.text) for _ttywrch
    sys_wrch.o(.text) refers (Special) to use_no_semi.o(.text) for __I$use$semihosting
    sys_wrch.o(.text) refers (Special) to indicate_semi.o(.text) for __semihosting_library_function
    defsig.o(CL$$defsig) refers to defsig_rtmem_inner.o(.text) for __rt_SIGRTMEM_inner
    defsig_abrt_inner.o(.text) refers to defsig_general.o(.text) for __default_signal_display
    defsig_fpe_inner.o(.text) refers to defsig_general.o(.text) for __default_signal_display
    defsig_rtred_inner.o(.text) refers to defsig_general.o(.text) for __default_signal_display
    defsig_stak_inner.o(.text) refers to defsig_general.o(.text) for __default_signal_display
    defsig_pvfn_inner.o(.text) refers to defsig_general.o(.text) for __default_signal_display
    defsig_cppl_inner.o(.text) refers to defsig_general.o(.text) for __default_signal_display
    defsig_segv_inner.o(.text) refers to defsig_general.o(.text) for __default_signal_display
    defsig_other.o(.text) refers to defsig_general.o(.text) for __default_signal_display


==============================================================================

Removing Unused input sections from the image.

    Removing nokia5110.o(i.Nokia5110_OutUDec), (412 bytes).
    Removing spaceinvaders.o(.rev16_text), (4 bytes).
    Removing spaceinvaders.o(.revsh_text), (4 bytes).
    Removing spaceinvaders.o(i.SysTick_Init), (32 bytes).
    Removing spaceinvaders.o(i.UART_InChar), (24 bytes).
    Removing spaceinvaders.o(i.UART_InCharNonBlocking), (28 bytes).
    Removing spaceinvaders.o(i.UART_OutChar), (24 bytes).
    Removing texas.o(i.SetMode), (24 bytes).
    Removing texas.o(i.StartTimer4), (36 bytes).
    Removing texas.o(i.StopTimer4), (24 bytes).
    Removing texas.o(i.TExaS_Stop), (28 bytes).
    Removing texas.o(i.UART0_InChar), (24 bytes).
    Removing texas.o(i.UART0_InCharNonBlocking), (28 bytes).
    Removing texas.o(i.UART0_OutChar), (24 bytes).
    Removing texas.o(i.UART0_OutCharNonBlock), (12 bytes).
    Removing texas.o(i.copy), (18 bytes).
    Removing gpio.o(.rev16_text), (4 bytes).
    Removing gpio.o(.revsh_text), (4 bytes).
    Removing gpio.o(i.GPIO_read_pin), (18 bytes).
    Removing gpio_cnfg.o(.rev16_text), (4 bytes).
    Removing gpio_cnfg.o(.revsh_text), (4 bytes).
    Removing tim_cng.o(.rev16_text), (4 bytes).
    Removing tim_cng.o(.revsh_text), (4 bytes).
    Removing timer.o(.rev16_text), (4 bytes).
    Removing timer.o(.revsh_text), (4 bytes).

25 unused section(s) (total 796 bytes) removed from the image.

==============================================================================

Image Symbol Table

    Local Symbols

    Symbol Name                              Value     Ov Type        Size  Object(Section)

    RESET                                    0x00000000   Section      644  startup.o(RESET)
    ../clib/angel/boardlib.s                 0x00000000   Number         0  boardinit1.o ABSOLUTE
    ../clib/angel/boardlib.s                 0x00000000   Number         0  boardinit3.o ABSOLUTE
    ../clib/angel/boardlib.s                 0x00000000   Number         0  boardinit2.o ABSOLUTE
    ../clib/angel/boardlib.s                 0x00000000   Number         0  boardshut.o ABSOLUTE
    ../clib/angel/dczerorl2.s                0x00000000   Number         0  __dczerorl2.o ABSOLUTE
    ../clib/angel/handlers.s                 0x00000000   Number         0  __scatter_zi.o ABSOLUTE
    ../clib/angel/kernel.s                   0x00000000   Number         0  rtentry2.o ABSOLUTE
    ../clib/angel/kernel.s                   0x00000000   Number         0  rtentry.o ABSOLUTE
    ../clib/angel/kernel.s                   0x00000000   Number         0  rtentry4.o ABSOLUTE
    ../clib/angel/kernel.s                   0x00000000   Number         0  rtexit.o ABSOLUTE
    ../clib/angel/kernel.s                   0x00000000   Number         0  rtexit2.o ABSOLUTE
    ../clib/angel/rt.s                       0x00000000   Number         0  rt_raise.o ABSOLUTE
    ../clib/angel/scatter.s                  0x00000000   Number         0  __scatter.o ABSOLUTE
    ../clib/angel/startup.s                  0x00000000   Number         0  __main.o ABSOLUTE
    ../clib/angel/sys.s                      0x00000000   Number         0  indicate_semi.o ABSOLUTE
    ../clib/angel/sys.s                      0x00000000   Number         0  sys_stackheap_outer.o ABSOLUTE
    ../clib/angel/sys.s                      0x00000000   Number         0  use_no_semi.o ABSOLUTE
    ../clib/angel/sys.s                      0x00000000   Number         0  libspace.o ABSOLUTE
    ../clib/angel/sysapp.c                   0x00000000   Number         0  sys_command.o ABSOLUTE
    ../clib/angel/sysapp.c                   0x00000000   Number         0  sys_exit.o ABSOLUTE
    ../clib/angel/sysapp.c                   0x00000000   Number         0  sys_wrch.o ABSOLUTE
    ../clib/armsys.c                         0x00000000   Number         0  argv_veneer.o ABSOLUTE
    ../clib/armsys.c                         0x00000000   Number         0  no_argv.o ABSOLUTE
    ../clib/armsys.c                         0x00000000   Number         0  _get_argv_nomalloc.o ABSOLUTE
    ../clib/armsys.c                         0x00000000   Number         0  argv_veneer.o ABSOLUTE
    ../clib/heapalloc.c                      0x00000000   Number         0  hrguard.o ABSOLUTE
    ../clib/heapaux.c                        0x00000000   Number         0  heapauxi.o ABSOLUTE
    ../clib/libinit.s                        0x00000000   Number         0  libinit.o ABSOLUTE
    ../clib/libinit.s                        0x00000000   Number         0  libshutdown.o ABSOLUTE
    ../clib/libinit.s                        0x00000000   Number         0  libinit2.o ABSOLUTE
    ../clib/libinit.s                        0x00000000   Number         0  libshutdown2.o ABSOLUTE
    ../clib/printf.c                         0x00000000   Number         0  __printf_nopercent.o ABSOLUTE
    ../clib/printf.c                         0x00000000   Number         0  __printf.o ABSOLUTE
    ../clib/printf.c                         0x00000000   Number         0  __2sprintf.o ABSOLUTE
    ../clib/printf.c                         0x00000000   Number         0  noretval__2sprintf.o ABSOLUTE
    ../clib/printf.c                         0x00000000   Number         0  _printf_dec.o ABSOLUTE
    ../clib/printf.c                         0x00000000   Number         0  __printf_flags.o ABSOLUTE
    ../clib/printf.c                         0x00000000   Number         0  __printf_ss.o ABSOLUTE
    ../clib/printf.c                         0x00000000   Number         0  __printf_flags_ss.o ABSOLUTE
    ../clib/printf.c                         0x00000000   Number         0  __printf_wp.o ABSOLUTE
    ../clib/printf.c                         0x00000000   Number         0  _sputc.o ABSOLUTE
    ../clib/printf.c                         0x00000000   Number         0  __printf_flags_wp.o ABSOLUTE
    ../clib/printf.c                         0x00000000   Number         0  _printf_char_common.o ABSOLUTE
    ../clib/printf.c                         0x00000000   Number         0  __printf_ss_wp.o ABSOLUTE
    ../clib/printf.c                         0x00000000   Number         0  _printf_intcommon.o ABSOLUTE
    ../clib/printf.c                         0x00000000   Number         0  __printf_flags_ss_wp.o ABSOLUTE
    ../clib/printf_percent.s                 0x00000000   Number         0  _printf_d.o ABSOLUTE
    ../clib/printf_percent.s                 0x00000000   Number         0  _printf_u.o ABSOLUTE
    ../clib/printf_percent.s                 0x00000000   Number         0  _printf_percent.o ABSOLUTE
    ../clib/printf_percent.s                 0x00000000   Number         0  _printf_percent_end.o ABSOLUTE
    ../clib/signal.c                         0x00000000   Number         0  defsig_other.o ABSOLUTE
    ../clib/signal.c                         0x00000000   Number         0  defsig_segv_inner.o ABSOLUTE
    ../clib/signal.c                         0x00000000   Number         0  defsig_cppl_inner.o ABSOLUTE
    ../clib/signal.c                         0x00000000   Number         0  defsig_pvfn_inner.o ABSOLUTE
    ../clib/signal.c                         0x00000000   Number         0  defsig_stak_inner.o ABSOLUTE
    ../clib/signal.c                         0x00000000   Number         0  defsig_rtred_inner.o ABSOLUTE
    ../clib/signal.c                         0x00000000   Number         0  defsig_fpe_inner.o ABSOLUTE
    ../clib/signal.c                         0x00000000   Number         0  defsig_rtmem_outer.o ABSOLUTE
    ../clib/signal.c                         0x00000000   Number         0  defsig_exit.o ABSOLUTE
    ../clib/signal.c                         0x00000000   Number         0  defsig_rtmem_inner.o ABSOLUTE
    ../clib/signal.c                         0x00000000   Number         0  defsig_rtmem_formal.o ABSOLUTE
    ../clib/signal.c                         0x00000000   Number         0  __raise.o ABSOLUTE
    ../clib/signal.c                         0x00000000   Number         0  defsig_general.o ABSOLUTE
    ../clib/signal.c                         0x00000000   Number         0  defsig_abrt_inner.o ABSOLUTE
    ../clib/signal.s                         0x00000000   Number         0  defsig.o ABSOLUTE
    ../clib/stdlib.c                         0x00000000   Number         0  exit.o ABSOLUTE
    ../fplib/d2f.s                           0x00000000   Number         0  d2f.o ABSOLUTE
    ../fplib/daddsub.s                       0x00000000   Number         0  daddsub_clz.o ABSOLUTE
    ../fplib/ddiv.s                          0x00000000   Number         0  ddiv.o ABSOLUTE
    ../fplib/dmul.s                          0x00000000   Number         0  dmul.o ABSOLUTE
    ../fplib/dnaninf.s                       0x00000000   Number         0  dnaninf.o ABSOLUTE
    ../fplib/dretinf.s                       0x00000000   Number         0  dretinf.o ABSOLUTE
    ../fplib/f2d.s                           0x00000000   Number         0  f2d.o ABSOLUTE
    ../fplib/ffix.s                          0x00000000   Number         0  ffix.o ABSOLUTE
    ../fplib/fflt.s                          0x00000000   Number         0  fflt_clz.o ABSOLUTE
    ../fplib/fmul.s                          0x00000000   Number         0  fmul.o ABSOLUTE
    ../fplib/fnaninf.s                       0x00000000   Number         0  fnaninf.o ABSOLUTE
    ../fplib/fpinit.s                        0x00000000   Number         0  fpinit.o ABSOLUTE
    ../fplib/fretinf.s                       0x00000000   Number         0  fretinf.o ABSOLUTE
    ../fplib/usenofp.s                       0x00000000   Number         0  usenofp.o ABSOLUTE
    GPIO.c                                   0x00000000   Number         0  gpio.o ABSOLUTE
    GPIO.c                                   0x00000000   Number         0  gpio.o ABSOLUTE
    GPIO_cnfg.c                              0x00000000   Number         0  gpio_cnfg.o ABSOLUTE
    GPIO_cnfg.c                              0x00000000   Number         0  gpio_cnfg.o ABSOLUTE
    Nokia5110.c                              0x00000000   Number         0  nokia5110.o ABSOLUTE
    SpaceInvaders.c                          0x00000000   Number         0  spaceinvaders.o ABSOLUTE
    SpaceInvaders.c                          0x00000000   Number         0  spaceinvaders.o ABSOLUTE
    TExaS.c                                  0x00000000   Number         0  texas.o ABSOLUTE
    TIM_cng.c                                0x00000000   Number         0  tim_cng.o ABSOLUTE
    TIM_cng.c                                0x00000000   Number         0  tim_cng.o ABSOLUTE
    Timer.c                                  0x00000000   Number         0  timer.o ABSOLUTE
    Timer.c                                  0x00000000   Number         0  timer.o ABSOLUTE
    dc.s                                     0x00000000   Number         0  dc.o ABSOLUTE
    random.s                                 0x00000000   Number         0  random.o ABSOLUTE
    startup.s                                0x00000000   Number         0  startup.o ABSOLUTE
    !!!main                                  0x00000284   Section        8  __main.o(!!!main)
    !!!scatter                               0x0000028c   Section       52  __scatter.o(!!!scatter)
    !!dczerorl2                              0x000002c0   Section       90  __dczerorl2.o(!!dczerorl2)
    !!handler_zi                             0x0000031c   Section       28  __scatter_zi.o(!!handler_zi)
    .ARM.Collect$$_printf_percent$$00000000  0x00000338   Section        0  _printf_percent.o(.ARM.Collect$$_printf_percent$$00000000)
    .ARM.Collect$$_printf_percent$$00000009  0x00000338   Section        6  _printf_d.o(.ARM.Collect$$_printf_percent$$00000009)
    .ARM.Collect$$_printf_percent$$0000000A  0x0000033e   Section        6  _printf_u.o(.ARM.Collect$$_printf_percent$$0000000A)
    .ARM.Collect$$_printf_percent$$00000017  0x00000344   Section        4  _printf_percent_end.o(.ARM.Collect$$_printf_percent$$00000017)
    .ARM.Collect$$libinit$$00000000          0x00000348   Section        2  libinit.o(.ARM.Collect$$libinit$$00000000)
    .ARM.Collect$$libinit$$00000002          0x0000034a   Section        0  libinit2.o(.ARM.Collect$$libinit$$00000002)
    .ARM.Collect$$libinit$$00000008          0x0000034a   Section        0  libinit2.o(.ARM.Collect$$libinit$$00000008)
    .ARM.Collect$$libinit$$0000000A          0x0000034a   Section        0  libinit2.o(.ARM.Collect$$libinit$$0000000A)
    .ARM.Collect$$libinit$$0000000C          0x0000034a   Section        0  libinit2.o(.ARM.Collect$$libinit$$0000000C)
    .ARM.Collect$$libinit$$0000000F          0x0000034a   Section        0  libinit2.o(.ARM.Collect$$libinit$$0000000F)
    .ARM.Collect$$libinit$$00000011          0x0000034a   Section        0  libinit2.o(.ARM.Collect$$libinit$$00000011)
    .ARM.Collect$$libinit$$00000013          0x0000034a   Section        0  libinit2.o(.ARM.Collect$$libinit$$00000013)
    .ARM.Collect$$libinit$$00000015          0x0000034a   Section        0  libinit2.o(.ARM.Collect$$libinit$$00000015)
    .ARM.Collect$$libinit$$00000017          0x0000034a   Section        0  libinit2.o(.ARM.Collect$$libinit$$00000017)
    .ARM.Collect$$libinit$$00000019          0x0000034a   Section        0  libinit2.o(.ARM.Collect$$libinit$$00000019)
    .ARM.Collect$$libinit$$0000001B          0x0000034a   Section        0  libinit2.o(.ARM.Collect$$libinit$$0000001B)
    .ARM.Collect$$libinit$$0000001D          0x0000034a   Section        0  libinit2.o(.ARM.Collect$$libinit$$0000001D)
    .ARM.Collect$$libinit$$0000001F          0x0000034a   Section        0  libinit2.o(.ARM.Collect$$libinit$$0000001F)
    .ARM.Collect$$libinit$$00000021          0x0000034a   Section        0  libinit2.o(.ARM.Collect$$libinit$$00000021)
    .ARM.Collect$$libinit$$00000023          0x0000034a   Section        0  libinit2.o(.ARM.Collect$$libinit$$00000023)
    .ARM.Collect$$libinit$$0000002A          0x0000034a   Section        0  libinit2.o(.ARM.Collect$$libinit$$0000002A)
    .ARM.Collect$$libinit$$0000002C          0x0000034a   Section        0  libinit2.o(.ARM.Collect$$libinit$$0000002C)
    .ARM.Collect$$libinit$$0000002E          0x0000034a   Section        0  libinit2.o(.ARM.Collect$$libinit$$0000002E)
    .ARM.Collect$$libinit$$00000030          0x0000034a   Section        0  libinit2.o(.ARM.Collect$$libinit$$00000030)
    .ARM.Collect$$libinit$$00000031          0x0000034a   Section        2  libinit2.o(.ARM.Collect$$libinit$$00000031)
    .ARM.Collect$$libshutdown$$00000000      0x0000034c   Section        2  libshutdown.o(.ARM.Collect$$libshutdown$$00000000)
    .ARM.Collect$$libshutdown$$00000003      0x0000034e   Section        0  libshutdown2.o(.ARM.Collect$$libshutdown$$00000003)
    .ARM.Collect$$libshutdown$$00000006      0x0000034e   Section        0  libshutdown2.o(.ARM.Collect$$libshutdown$$00000006)
    .ARM.Collect$$libshutdown$$00000009      0x0000034e   Section        0  libshutdown2.o(.ARM.Collect$$libshutdown$$00000009)
    .ARM.Collect$$libshutdown$$0000000B      0x0000034e   Section        0  libshutdown2.o(.ARM.Collect$$libshutdown$$0000000B)
    .ARM.Collect$$libshutdown$$0000000E      0x0000034e   Section        0  libshutdown2.o(.ARM.Collect$$libshutdown$$0000000E)
    .ARM.Collect$$libshutdown$$0000000F      0x0000034e   Section        2  libshutdown2.o(.ARM.Collect$$libshutdown$$0000000F)
    .ARM.Collect$$rtentry$$00000000          0x00000350   Section        0  rtentry.o(.ARM.Collect$$rtentry$$00000000)
    .ARM.Collect$$rtentry$$00000002          0x00000350   Section        0  rtentry2.o(.ARM.Collect$$rtentry$$00000002)
    .ARM.Collect$$rtentry$$00000004          0x00000350   Section        6  rtentry4.o(.ARM.Collect$$rtentry$$00000004)
    .ARM.Collect$$rtentry$$00000009          0x00000356   Section        0  rtentry2.o(.ARM.Collect$$rtentry$$00000009)
    .ARM.Collect$$rtentry$$0000000A          0x00000356   Section        4  rtentry2.o(.ARM.Collect$$rtentry$$0000000A)
    .ARM.Collect$$rtentry$$0000000C          0x0000035a   Section        0  rtentry2.o(.ARM.Collect$$rtentry$$0000000C)
    .ARM.Collect$$rtentry$$0000000D          0x0000035a   Section        8  rtentry2.o(.ARM.Collect$$rtentry$$0000000D)
    .ARM.Collect$$rtexit$$00000000           0x00000362   Section        2  rtexit.o(.ARM.Collect$$rtexit$$00000000)
    .ARM.Collect$$rtexit$$00000002           0x00000364   Section        0  rtexit2.o(.ARM.Collect$$rtexit$$00000002)
    .ARM.Collect$$rtexit$$00000003           0x00000364   Section        4  rtexit2.o(.ARM.Collect$$rtexit$$00000003)
    .ARM.Collect$$rtexit$$00000004           0x00000368   Section        6  rtexit2.o(.ARM.Collect$$rtexit$$00000004)
    .text                                    0x00000370   Section       48  startup.o(.text)
    .text                                    0x000003a0   Section       64  random.o(.text)
    .text                                    0x000003e0   Section        0  noretval__2sprintf.o(.text)
    .text                                    0x00000408   Section        0  __printf.o(.text)
    .text                                    0x00000470   Section        0  _printf_dec.o(.text)
    .text                                    0x000004e8   Section        0  heapauxi.o(.text)
    .text                                    0x000004ee   Section        0  _printf_intcommon.o(.text)
    .text                                    0x000005a8   Section        0  _printf_char_common.o(.text)
    _printf_input_char                       0x000005a9   Thumb Code    10  _printf_char_common.o(.text)
    .text                                    0x000005d8   Section        0  _sputc.o(.text)
    .text                                    0x000005e2   Section       74  sys_stackheap_outer.o(.text)
    .text                                    0x0000062c   Section        0  exit.o(.text)
    .text                                    0x00000638   Section        8  libspace.o(.text)
    .text                                    0x00000640   Section        0  sys_exit.o(.text)
    .text                                    0x0000064c   Section        2  use_no_semi.o(.text)
    .text                                    0x0000064e   Section        0  indicate_semi.o(.text)
    i.ADC0_InSeq3                            0x00000650   Section        0  spaceinvaders.o(i.ADC0_InSeq3)
    i.ADC0_Init                              0x0000067c   Section        0  spaceinvaders.o(i.ADC0_Init)
    i.ADC1_In                                0x00000784   Section        0  texas.o(i.ADC1_In)
    i.ADC1_Init                              0x00000790   Section        0  texas.o(i.ADC1_Init)
    i.Check_Col                              0x00000864   Section        0  spaceinvaders.o(i.Check_Col)
    i.Delay100ms                             0x000009ec   Section        0  spaceinvaders.o(i.Delay100ms)
    i.Draw_Cars                              0x00000a10   Section        0  spaceinvaders.o(i.Draw_Cars)
    i.GPIOPortB_Handler                      0x00000a84   Section        0  spaceinvaders.o(i.GPIOPortB_Handler)
    i.GPIO_init                              0x00000ac8   Section        0  gpio.o(i.GPIO_init)
    i.GPIO_write_pin                         0x00000c30   Section        0  gpio.o(i.GPIO_write_pin)
    i.Game_init                              0x00000c54   Section        0  gpio.o(i.Game_init)
    i.IntCtrl_EnableIRQ                      0x00000cb0   Section        0  spaceinvaders.o(i.IntCtrl_EnableIRQ)
    i.Nokia5110_Clear                        0x00000ce0   Section        0  nokia5110.o(i.Nokia5110_Clear)
    i.Nokia5110_ClearBuffer                  0x00000d00   Section        0  nokia5110.o(i.Nokia5110_ClearBuffer)
    i.Nokia5110_DisplayBuffer                0x00000d18   Section        0  nokia5110.o(i.Nokia5110_DisplayBuffer)
    i.Nokia5110_DrawFullImage                0x00000d28   Section        0  nokia5110.o(i.Nokia5110_DrawFullImage)
    i.Nokia5110_Init                         0x00000d4c   Section        0  nokia5110.o(i.Nokia5110_Init)
    i.Nokia5110_OutChar                      0x00000eb8   Section        0  nokia5110.o(i.Nokia5110_OutChar)
    i.Nokia5110_OutString                    0x00000ef0   Section        0  nokia5110.o(i.Nokia5110_OutString)
    i.Nokia5110_PrintBMP                     0x00000f08   Section        0  nokia5110.o(i.Nokia5110_PrintBMP)
    i.Nokia5110_SetCursor                    0x000010b0   Section        0  nokia5110.o(i.Nokia5110_SetCursor)
    i.PLL_Init                               0x000010e0   Section        0  texas.o(i.PLL_Init)
    i.SetCode                                0x0000115c   Section        0  texas.o(i.SetCode)
    i.SetCourse                              0x00001174   Section        0  texas.o(i.SetCourse)
    i.TExaS_Init                             0x0000118c   Section        0  texas.o(i.TExaS_Init)
    i.Timer2A_Handler                        0x00001350   Section        0  spaceinvaders.o(i.Timer2A_Handler)
    i.Timer4A_Handler                        0x000013e0   Section        0  texas.o(i.Timer4A_Handler)
    i.Timer5A_Handler                        0x00001400   Section        0  texas.o(i.Timer5A_Handler)
    i.UART0_Init                             0x00001430   Section        0  texas.o(i.UART0_Init)
    i.clear_Int                              0x000014f0   Section        0  timer.o(i.clear_Int)
    i.interrupt_init                         0x00001508   Section        0  spaceinvaders.o(i.interrupt_init)
    i.lcdwrite                               0x0000153c   Section        0  nokia5110.o(i.lcdwrite)
    lcdwrite                                 0x0000153d   Thumb Code    66  nokia5110.o(i.lcdwrite)
    i.main                                   0x00001588   Section        0  spaceinvaders.o(i.main)
    i.timer_init                             0x00001704   Section        0  timer.o(i.timer_init)
    x$fpl$d2f                                0x00001878   Section       98  d2f.o(x$fpl$d2f)
    x$fpl$dadd                               0x000018dc   Section      336  daddsub_clz.o(x$fpl$dadd)
    _dadd1                                   0x000018ed   Thumb Code     0  daddsub_clz.o(x$fpl$dadd)
    x$fpl$ddiv                               0x00001a2c   Section      688  ddiv.o(x$fpl$ddiv)
    ddiv_entry                               0x00001a33   Thumb Code     0  ddiv.o(x$fpl$ddiv)
    x$fpl$dmul                               0x00001cdc   Section      340  dmul.o(x$fpl$dmul)
    x$fpl$dnaninf                            0x00001e30   Section      156  dnaninf.o(x$fpl$dnaninf)
    x$fpl$dretinf                            0x00001ecc   Section       12  dretinf.o(x$fpl$dretinf)
    x$fpl$dsub                               0x00001ed8   Section      468  daddsub_clz.o(x$fpl$dsub)
    _dsub1                                   0x00001ee9   Thumb Code     0  daddsub_clz.o(x$fpl$dsub)
    x$fpl$f2d                                0x000020ac   Section       86  f2d.o(x$fpl$f2d)
    x$fpl$ffix                               0x00002104   Section       54  ffix.o(x$fpl$ffix)
    x$fpl$fflt                               0x0000213c   Section       48  fflt_clz.o(x$fpl$fflt)
    x$fpl$fmul                               0x0000216c   Section      258  fmul.o(x$fpl$fmul)
    x$fpl$fnaninf                            0x0000226e   Section      140  fnaninf.o(x$fpl$fnaninf)
    x$fpl$fretinf                            0x000022fa   Section       10  fretinf.o(x$fpl$fretinf)
    .constdata                               0x00002304   Section      480  nokia5110.o(.constdata)
    x$fpl$usenofp                            0x00002304   Section        0  usenofp.o(x$fpl$usenofp)
    ASCII                                    0x00002304   Data         480  nokia5110.o(.constdata)
    .constdata                               0x000024e4   Section      894  spaceinvaders.o(.constdata)
    ASCII                                    0x000024e4   Data         480  spaceinvaders.o(.constdata)
    .constdata                               0x00002862   Section      360  texas.o(.constdata)
    .data                                    0x20000000   Section       68  spaceinvaders.o(.data)
    .data                                    0x20000044   Section       52  texas.o(.data)
    .data                                    0x20000078   Section       12  gpio.o(.data)
    .data                                    0x20000084   Section      204  gpio_cnfg.o(.data)
    .data                                    0x20000150   Section       16  tim_cng.o(.data)
    DATA                                     0x20000160   Section        4  random.o(DATA)
    M                                        0x20000160   Data           4  random.o(DATA)
    .bss                                     0x20000164   Section      504  nokia5110.o(.bss)
    .bss                                     0x20000360   Section       56  texas.o(.bss)
    .bss                                     0x20000398   Section       96  libspace.o(.bss)
    HEAP                                     0x200003f8   Section        0  startup.o(HEAP)
    STACK                                    0x200003f8   Section     1024  startup.o(STACK)
    HeapMem                                  0x200003f8   Data           0  startup.o(HEAP)
    StackMem                                 0x200003f8   Data           0  startup.o(STACK)

    Global Symbols

    Symbol Name                              Value     Ov Type        Size  Object(Section)

    BuildAttributes$$THM_ISAv4$E$P$D$K$B$S$7EM$PE$A:L22UL41UL21$X:L11$S22US41US21$IEEE1$IW$USESV6$~STKCKD$USESV7$~SHL$OSPACE$ROPI$EBA8$UX$STANDARDLIB$REQ8$PRES8$EABIv2 0x00000000   Number         0  anon$$obj.o ABSOLUTE
    __ARM_use_no_argv                        0x00000000   Number         0  spaceinvaders.o ABSOLUTE
    __Vectors                                0x00000000   Data           0  startup.o(RESET)
    __ARM_exceptions_init                     - Undefined Weak Reference
    __alloca_initialize                       - Undefined Weak Reference
    __cpp_initialize__aeabi_                  - Undefined Weak Reference
    __cxa_finalize                            - Undefined Weak Reference
    __rt_locale                               - Undefined Weak Reference
    __sigvec_lookup                           - Undefined Weak Reference
    _atexit_init                              - Undefined Weak Reference
    _call_atexit_fns                          - Undefined Weak Reference
    _clock_init                               - Undefined Weak Reference
    _fp_trap_init                             - Undefined Weak Reference
    _fp_trap_shutdown                         - Undefined Weak Reference
    _get_lc_collate                           - Undefined Weak Reference
    _get_lc_ctype                             - Undefined Weak Reference
    _get_lc_monetary                          - Undefined Weak Reference
    _get_lc_numeric                           - Undefined Weak Reference
    _get_lc_time                              - Undefined Weak Reference
    _getenv_init                              - Undefined Weak Reference
    _handle_redirection                       - Undefined Weak Reference
    _init_alloc                               - Undefined Weak Reference
    _init_user_alloc                          - Undefined Weak Reference
    _initio                                   - Undefined Weak Reference
    _printf_post_padding                      - Undefined Weak Reference
    _printf_pre_padding                       - Undefined Weak Reference
    _printf_truncate_signed                   - Undefined Weak Reference
    _printf_truncate_unsigned                 - Undefined Weak Reference
    _rand_init                                - Undefined Weak Reference
    _signal_finish                            - Undefined Weak Reference
    _signal_init                              - Undefined Weak Reference
    _terminate_alloc                          - Undefined Weak Reference
    _terminate_user_alloc                     - Undefined Weak Reference
    _terminateio                              - Undefined Weak Reference
    Reset_Handler                            0x0000026d   Thumb Code     0  startup.o(RESET)
    NMI_Handler                              0x00000271   Thumb Code     2  startup.o(RESET)
    HardFault_Handler                        0x00000273   Thumb Code     2  startup.o(RESET)
    MemManage_Handler                        0x00000275   Thumb Code     2  startup.o(RESET)
    BusFault_Handler                         0x00000277   Thumb Code     2  startup.o(RESET)
    UsageFault_Handler                       0x00000279   Thumb Code     2  startup.o(RESET)
    SVC_Handler                              0x0000027b   Thumb Code     2  startup.o(RESET)
    DebugMon_Handler                         0x0000027d   Thumb Code     2  startup.o(RESET)
    PendSV_Handler                           0x0000027f   Thumb Code     2  startup.o(RESET)
    SysTick_Handler                          0x00000281   Thumb Code     2  startup.o(RESET)
    ADC0Seq0_Handler                         0x00000283   Thumb Code     0  startup.o(RESET)
    ADC0Seq1_Handler                         0x00000283   Thumb Code     0  startup.o(RESET)
    ADC0Seq2_Handler                         0x00000283   Thumb Code     0  startup.o(RESET)
    ADC0Seq3_Handler                         0x00000283   Thumb Code     0  startup.o(RESET)
    ADC1Seq0_Handler                         0x00000283   Thumb Code     0  startup.o(RESET)
    ADC1Seq1_Handler                         0x00000283   Thumb Code     0  startup.o(RESET)
    ADC1Seq2_Handler                         0x00000283   Thumb Code     0  startup.o(RESET)
    ADC1Seq3_Handler                         0x00000283   Thumb Code     0  startup.o(RESET)
    CAN0_Handler                             0x00000283   Thumb Code     0  startup.o(RESET)
    CAN1_Handler                             0x00000283   Thumb Code     0  startup.o(RESET)
    CAN2_Handler                             0x00000283   Thumb Code     0  startup.o(RESET)
    Comp0_Handler                            0x00000283   Thumb Code     0  startup.o(RESET)
    Comp1_Handler                            0x00000283   Thumb Code     0  startup.o(RESET)
    Comp2_Handler                            0x00000283   Thumb Code     0  startup.o(RESET)
    Ethernet_Handler                         0x00000283   Thumb Code     0  startup.o(RESET)
    ExtBus_Handler                           0x00000283   Thumb Code     0  startup.o(RESET)
    FPU_Handler                              0x00000283   Thumb Code     0  startup.o(RESET)
    Fan0_Handler                             0x00000283   Thumb Code     0  startup.o(RESET)
    FlashCtl_Handler                         0x00000283   Thumb Code     0  startup.o(RESET)
    GPIOPortA_Handler                        0x00000283   Thumb Code     0  startup.o(RESET)
    GPIOPortC_Handler                        0x00000283   Thumb Code     0  startup.o(RESET)
    GPIOPortD_Handler                        0x00000283   Thumb Code     0  startup.o(RESET)
    GPIOPortE_Handler                        0x00000283   Thumb Code     0  startup.o(RESET)
    GPIOPortF_Handler                        0x00000283   Thumb Code     0  startup.o(RESET)
    GPIOPortG_Handler                        0x00000283   Thumb Code     0  startup.o(RESET)
    GPIOPortH_Handler                        0x00000283   Thumb Code     0  startup.o(RESET)
    GPIOPortJ_Handler                        0x00000283   Thumb Code     0  startup.o(RESET)
    GPIOPortK_Handler                        0x00000283   Thumb Code     0  startup.o(RESET)
    GPIOPortL_Handler                        0x00000283   Thumb Code     0  startup.o(RESET)
    GPIOPortM_Handler                        0x00000283   Thumb Code     0  startup.o(RESET)
    GPIOPortN_Handler                        0x00000283   Thumb Code     0  startup.o(RESET)
    GPIOPortP1_Handler                       0x00000283   Thumb Code     0  startup.o(RESET)
    GPIOPortP2_Handler                       0x00000283   Thumb Code     0  startup.o(RESET)
    GPIOPortP3_Handler                       0x00000283   Thumb Code     0  startup.o(RESET)
    GPIOPortP4_Handler                       0x00000283   Thumb Code     0  startup.o(RESET)
    GPIOPortP5_Handler                       0x00000283   Thumb Code     0  startup.o(RESET)
    GPIOPortP6_Handler                       0x00000283   Thumb Code     0  startup.o(RESET)
    GPIOPortP7_Handler                       0x00000283   Thumb Code     0  startup.o(RESET)
    GPIOPortP_Handler                        0x00000283   Thumb Code     0  startup.o(RESET)
    GPIOPortQ1_Handler                       0x00000283   Thumb Code     0  startup.o(RESET)
    GPIOPortQ2_Handler                       0x00000283   Thumb Code     0  startup.o(RESET)
    GPIOPortQ3_Handler                       0x00000283   Thumb Code     0  startup.o(RESET)
    GPIOPortQ4_Handler                       0x00000283   Thumb Code     0  startup.o(RESET)
    GPIOPortQ5_Handler                       0x00000283   Thumb Code     0  startup.o(RESET)
    GPIOPortQ6_Handler                       0x00000283   Thumb Code     0  startup.o(RESET)
    GPIOPortQ7_Handler                       0x00000283   Thumb Code     0  startup.o(RESET)
    GPIOPortQ_Handler                        0x00000283   Thumb Code     0  startup.o(RESET)
    GPIOPortR_Handler                        0x00000283   Thumb Code     0  startup.o(RESET)
    GPIOPortS_Handler                        0x00000283   Thumb Code     0  startup.o(RESET)
    Hibernate_Handler                        0x00000283   Thumb Code     0  startup.o(RESET)
    I2C0_Handler                             0x00000283   Thumb Code     0  startup.o(RESET)
    I2C1_Handler                             0x00000283   Thumb Code     0  startup.o(RESET)
    I2C2_Handler                             0x00000283   Thumb Code     0  startup.o(RESET)
    I2C3_Handler                             0x00000283   Thumb Code     0  startup.o(RESET)
    I2C4_Handler                             0x00000283   Thumb Code     0  startup.o(RESET)
    I2C5_Handler                             0x00000283   Thumb Code     0  startup.o(RESET)
    I2S0_Handler                             0x00000283   Thumb Code     0  startup.o(RESET)
    LPC0_Handler                             0x00000283   Thumb Code     0  startup.o(RESET)
    PECI0_Handler                            0x00000283   Thumb Code     0  startup.o(RESET)
    PWM0Fault_Handler                        0x00000283   Thumb Code     0  startup.o(RESET)
    PWM0Generator0_Handler                   0x00000283   Thumb Code     0  startup.o(RESET)
    PWM0Generator1_Handler                   0x00000283   Thumb Code     0  startup.o(RESET)
    PWM0Generator2_Handler                   0x00000283   Thumb Code     0  startup.o(RESET)
    PWM0Generator3_Handler                   0x00000283   Thumb Code     0  startup.o(RESET)
    PWM1Fault_Handler                        0x00000283   Thumb Code     0  startup.o(RESET)
    PWM1Generator0_Handler                   0x00000283   Thumb Code     0  startup.o(RESET)
    PWM1Generator1_Handler                   0x00000283   Thumb Code     0  startup.o(RESET)
    PWM1Generator2_Handler                   0x00000283   Thumb Code     0  startup.o(RESET)
    PWM1Generator3_Handler                   0x00000283   Thumb Code     0  startup.o(RESET)
    Quadrature0_Handler                      0x00000283   Thumb Code     0  startup.o(RESET)
    Quadrature1_Handler                      0x00000283   Thumb Code     0  startup.o(RESET)
    Quadrature2_Handler                      0x00000283   Thumb Code     0  startup.o(RESET)
    SSI0_Handler                             0x00000283   Thumb Code     0  startup.o(RESET)
    SSI1_Handler                             0x00000283   Thumb Code     0  startup.o(RESET)
    SSI2_Handler                             0x00000283   Thumb Code     0  startup.o(RESET)
    SSI3_Handler                             0x00000283   Thumb Code     0  startup.o(RESET)
    SysCtl_Handler                           0x00000283   Thumb Code     0  startup.o(RESET)
    Timer0A_Handler                          0x00000283   Thumb Code     0  startup.o(RESET)
    Timer0B_Handler                          0x00000283   Thumb Code     0  startup.o(RESET)
    Timer1A_Handler                          0x00000283   Thumb Code     0  startup.o(RESET)
    Timer1B_Handler                          0x00000283   Thumb Code     0  startup.o(RESET)
    Timer2B_Handler                          0x00000283   Thumb Code     0  startup.o(RESET)
    Timer3A_Handler                          0x00000283   Thumb Code     0  startup.o(RESET)
    Timer3B_Handler                          0x00000283   Thumb Code     0  startup.o(RESET)
    Timer4B_Handler                          0x00000283   Thumb Code     0  startup.o(RESET)
    Timer5B_Handler                          0x00000283   Thumb Code     0  startup.o(RESET)
    UART0_Handler                            0x00000283   Thumb Code     0  startup.o(RESET)
    UART1_Handler                            0x00000283   Thumb Code     0  startup.o(RESET)
    UART2_Handler                            0x00000283   Thumb Code     0  startup.o(RESET)
    UART3_Handler                            0x00000283   Thumb Code     0  startup.o(RESET)
    UART4_Handler                            0x00000283   Thumb Code     0  startup.o(RESET)
    UART5_Handler                            0x00000283   Thumb Code     0  startup.o(RESET)
    UART6_Handler                            0x00000283   Thumb Code     0  startup.o(RESET)
    UART7_Handler                            0x00000283   Thumb Code     0  startup.o(RESET)
    USB0_Handler                             0x00000283   Thumb Code     0  startup.o(RESET)
    WDT_Handler                              0x00000283   Thumb Code     0  startup.o(RESET)
    WideTimer0A_Handler                      0x00000283   Thumb Code     0  startup.o(RESET)
    WideTimer0B_Handler                      0x00000283   Thumb Code     0  startup.o(RESET)
    WideTimer1A_Handler                      0x00000283   Thumb Code     0  startup.o(RESET)
    WideTimer1B_Handler                      0x00000283   Thumb Code     0  startup.o(RESET)
    WideTimer2A_Handler                      0x00000283   Thumb Code     0  startup.o(RESET)
    WideTimer2B_Handler                      0x00000283   Thumb Code     0  startup.o(RESET)
    WideTimer3A_Handler                      0x00000283   Thumb Code     0  startup.o(RESET)
    WideTimer3B_Handler                      0x00000283   Thumb Code     0  startup.o(RESET)
    WideTimer4A_Handler                      0x00000283   Thumb Code     0  startup.o(RESET)
    WideTimer4B_Handler                      0x00000283   Thumb Code     0  startup.o(RESET)
    WideTimer5A_Handler                      0x00000283   Thumb Code     0  startup.o(RESET)
    WideTimer5B_Handler                      0x00000283   Thumb Code     0  startup.o(RESET)
    uDMA_Error                               0x00000283   Thumb Code     0  startup.o(RESET)
    uDMA_Handler                             0x00000283   Thumb Code     0  startup.o(RESET)
    __main                                   0x00000285   Thumb Code     8  __main.o(!!!main)
    __scatterload                            0x0000028d   Thumb Code     0  __scatter.o(!!!scatter)
    __scatterload_rt2                        0x0000028d   Thumb Code    44  __scatter.o(!!!scatter)
    __scatterload_rt2_thumb_only             0x0000028d   Thumb Code     0  __scatter.o(!!!scatter)
    __scatterload_null                       0x0000029b   Thumb Code     0  __scatter.o(!!!scatter)
    __decompress                             0x000002c1   Thumb Code    90  __dczerorl2.o(!!dczerorl2)
    __decompress1                            0x000002c1   Thumb Code     0  __dczerorl2.o(!!dczerorl2)
    __scatterload_zeroinit                   0x0000031d   Thumb Code    28  __scatter_zi.o(!!handler_zi)
    _printf_d                                0x00000339   Thumb Code     0  _printf_d.o(.ARM.Collect$$_printf_percent$$00000009)
    _printf_percent                          0x00000339   Thumb Code     0  _printf_percent.o(.ARM.Collect$$_printf_percent$$00000000)
    _printf_u                                0x0000033f   Thumb Code     0  _printf_u.o(.ARM.Collect$$_printf_percent$$0000000A)
    _printf_percent_end                      0x00000345   Thumb Code     0  _printf_percent_end.o(.ARM.Collect$$_printf_percent$$00000017)
    __rt_lib_init                            0x00000349   Thumb Code     0  libinit.o(.ARM.Collect$$libinit$$00000000)
    __rt_lib_init_alloca_1                   0x0000034b   Thumb Code     0  libinit2.o(.ARM.Collect$$libinit$$0000002C)
    __rt_lib_init_argv_1                     0x0000034b   Thumb Code     0  libinit2.o(.ARM.Collect$$libinit$$0000002A)
    __rt_lib_init_atexit_1                   0x0000034b   Thumb Code     0  libinit2.o(.ARM.Collect$$libinit$$00000019)
    __rt_lib_init_clock_1                    0x0000034b   Thumb Code     0  libinit2.o(.ARM.Collect$$libinit$$0000001F)
    __rt_lib_init_cpp_1                      0x0000034b   Thumb Code     0  libinit2.o(.ARM.Collect$$libinit$$00000030)
    __rt_lib_init_exceptions_1               0x0000034b   Thumb Code     0  libinit2.o(.ARM.Collect$$libinit$$0000002E)
    __rt_lib_init_fp_1                       0x0000034b   Thumb Code     0  libinit2.o(.ARM.Collect$$libinit$$00000002)
    __rt_lib_init_fp_trap_1                  0x0000034b   Thumb Code     0  libinit2.o(.ARM.Collect$$libinit$$0000001D)
    __rt_lib_init_getenv_1                   0x0000034b   Thumb Code     0  libinit2.o(.ARM.Collect$$libinit$$00000021)
    __rt_lib_init_heap_1                     0x0000034b   Thumb Code     0  libinit2.o(.ARM.Collect$$libinit$$00000008)
    __rt_lib_init_lc_collate_1               0x0000034b   Thumb Code     0  libinit2.o(.ARM.Collect$$libinit$$0000000F)
    __rt_lib_init_lc_ctype_1                 0x0000034b   Thumb Code     0  libinit2.o(.ARM.Collect$$libinit$$00000011)
    __rt_lib_init_lc_monetary_1              0x0000034b   Thumb Code     0  libinit2.o(.ARM.Collect$$libinit$$00000013)
    __rt_lib_init_lc_numeric_1               0x0000034b   Thumb Code     0  libinit2.o(.ARM.Collect$$libinit$$00000015)
    __rt_lib_init_lc_time_1                  0x0000034b   Thumb Code     0  libinit2.o(.ARM.Collect$$libinit$$00000017)
    __rt_lib_init_rand_1                     0x0000034b   Thumb Code     0  libinit2.o(.ARM.Collect$$libinit$$0000000C)
    __rt_lib_init_return                     0x0000034b   Thumb Code     0  libinit2.o(.ARM.Collect$$libinit$$00000031)
    __rt_lib_init_signal_1                   0x0000034b   Thumb Code     0  libinit2.o(.ARM.Collect$$libinit$$0000001B)
    __rt_lib_init_stdio_1                    0x0000034b   Thumb Code     0  libinit2.o(.ARM.Collect$$libinit$$00000023)
    __rt_lib_init_user_alloc_1               0x0000034b   Thumb Code     0  libinit2.o(.ARM.Collect$$libinit$$0000000A)
    __rt_lib_shutdown                        0x0000034d   Thumb Code     0  libshutdown.o(.ARM.Collect$$libshutdown$$00000000)
    __rt_lib_shutdown_fp_trap_1              0x0000034f   Thumb Code     0  libshutdown2.o(.ARM.Collect$$libshutdown$$00000006)
    __rt_lib_shutdown_heap_1                 0x0000034f   Thumb Code     0  libshutdown2.o(.ARM.Collect$$libshutdown$$0000000E)
    __rt_lib_shutdown_return                 0x0000034f   Thumb Code     0  libshutdown2.o(.ARM.Collect$$libshutdown$$0000000F)
    __rt_lib_shutdown_signal_1               0x0000034f   Thumb Code     0  libshutdown2.o(.ARM.Collect$$libshutdown$$00000009)
    __rt_lib_shutdown_stdio_1                0x0000034f   Thumb Code     0  libshutdown2.o(.ARM.Collect$$libshutdown$$00000003)
    __rt_lib_shutdown_user_alloc_1           0x0000034f   Thumb Code     0  libshutdown2.o(.ARM.Collect$$libshutdown$$0000000B)
    __rt_entry                               0x00000351   Thumb Code     0  rtentry.o(.ARM.Collect$$rtentry$$00000000)
    __rt_entry_presh_1                       0x00000351   Thumb Code     0  rtentry2.o(.ARM.Collect$$rtentry$$00000002)
    __rt_entry_sh                            0x00000351   Thumb Code     0  rtentry4.o(.ARM.Collect$$rtentry$$00000004)
    __rt_entry_li                            0x00000357   Thumb Code     0  rtentry2.o(.ARM.Collect$$rtentry$$0000000A)
    __rt_entry_postsh_1                      0x00000357   Thumb Code     0  rtentry2.o(.ARM.Collect$$rtentry$$00000009)
    __rt_entry_main                          0x0000035b   Thumb Code     0  rtentry2.o(.ARM.Collect$$rtentry$$0000000D)
    __rt_entry_postli_1                      0x0000035b   Thumb Code     0  rtentry2.o(.ARM.Collect$$rtentry$$0000000C)
    __rt_exit                                0x00000363   Thumb Code     0  rtexit.o(.ARM.Collect$$rtexit$$00000000)
    __rt_exit_ls                             0x00000365   Thumb Code     0  rtexit2.o(.ARM.Collect$$rtexit$$00000003)
    __rt_exit_prels_1                        0x00000365   Thumb Code     0  rtexit2.o(.ARM.Collect$$rtexit$$00000002)
    __rt_exit_exit                           0x00000369   Thumb Code     0  rtexit2.o(.ARM.Collect$$rtexit$$00000004)
    DisableInterrupts                        0x00000371   Thumb Code     0  startup.o(.text)
    EnableInterrupts                         0x00000375   Thumb Code     0  startup.o(.text)
    StartCritical                            0x00000379   Thumb Code     0  startup.o(.text)
    EndCritical                              0x00000381   Thumb Code     0  startup.o(.text)
    WaitForInterrupt                         0x00000387   Thumb Code     0  startup.o(.text)
    __user_initial_stackheap                 0x0000038b   Thumb Code     0  startup.o(.text)
    Random_Init                              0x000003a1   Thumb Code     0  random.o(.text)
    Random32                                 0x000003ab   Thumb Code     2  random.o(.text)
    Random                                   0x000003bd   Thumb Code     2  random.o(.text)
    __2sprintf                               0x000003e1   Thumb Code    34  noretval__2sprintf.o(.text)
    __printf                                 0x00000409   Thumb Code   104  __printf.o(.text)
    _printf_int_dec                          0x00000471   Thumb Code   102  _printf_dec.o(.text)
    __use_two_region_memory                  0x000004e9   Thumb Code     2  heapauxi.o(.text)
    __rt_heap_escrow$2region                 0x000004eb   Thumb Code     2  heapauxi.o(.text)
    __rt_heap_expand$2region                 0x000004ed   Thumb Code     2  heapauxi.o(.text)
    _printf_int_common                       0x000004ef   Thumb Code   184  _printf_intcommon.o(.text)
    _printf_char_common                      0x000005b3   Thumb Code    32  _printf_char_common.o(.text)
    _sputc                                   0x000005d9   Thumb Code    10  _sputc.o(.text)
    __user_setup_stackheap                   0x000005e3   Thumb Code    74  sys_stackheap_outer.o(.text)
    exit                                     0x0000062d   Thumb Code    12  exit.o(.text)
    __user_libspace                          0x00000639   Thumb Code     8  libspace.o(.text)
    __user_perproc_libspace                  0x00000639   Thumb Code     0  libspace.o(.text)
    __user_perthread_libspace                0x00000639   Thumb Code     0  libspace.o(.text)
    _sys_exit                                0x00000641   Thumb Code     8  sys_exit.o(.text)
    __I$use$semihosting                      0x0000064d   Thumb Code     0  use_no_semi.o(.text)
    __use_no_semihosting_swi                 0x0000064d   Thumb Code     2  use_no_semi.o(.text)
    __semihosting_library_function           0x0000064f   Thumb Code     0  indicate_semi.o(.text)
    ADC0_InSeq3                              0x00000651   Thumb Code    36  spaceinvaders.o(i.ADC0_InSeq3)
    ADC0_Init                                0x0000067d   Thumb Code   220  spaceinvaders.o(i.ADC0_Init)
    ADC1_In                                  0x00000785   Thumb Code     6  texas.o(i.ADC1_In)
    ADC1_Init                                0x00000791   Thumb Code   174  texas.o(i.ADC1_Init)
    Check_Col                                0x00000865   Thumb Code   256  spaceinvaders.o(i.Check_Col)
    Delay100ms                               0x000009ed   Thumb Code    30  spaceinvaders.o(i.Delay100ms)
    Draw_Cars                                0x00000a11   Thumb Code    98  spaceinvaders.o(i.Draw_Cars)
    GPIOPortB_Handler                        0x00000a85   Thumb Code    46  spaceinvaders.o(i.GPIOPortB_Handler)
    GPIO_init                                0x00000ac9   Thumb Code   342  gpio.o(i.GPIO_init)
    GPIO_write_pin                           0x00000c31   Thumb Code    34  gpio.o(i.GPIO_write_pin)
    Game_init                                0x00000c55   Thumb Code    76  gpio.o(i.Game_init)
    IntCtrl_EnableIRQ                        0x00000cb1   Thumb Code    48  spaceinvaders.o(i.IntCtrl_EnableIRQ)
    Nokia5110_Clear                          0x00000ce1   Thumb Code    32  nokia5110.o(i.Nokia5110_Clear)
    Nokia5110_ClearBuffer                    0x00000d01   Thumb Code    20  nokia5110.o(i.Nokia5110_ClearBuffer)
    Nokia5110_DisplayBuffer                  0x00000d19   Thumb Code    10  nokia5110.o(i.Nokia5110_DisplayBuffer)
    Nokia5110_DrawFullImage                  0x00000d29   Thumb Code    34  nokia5110.o(i.Nokia5110_DrawFullImage)
    Nokia5110_Init                           0x00000d4d   Thumb Code   316  nokia5110.o(i.Nokia5110_Init)
    Nokia5110_OutChar                        0x00000eb9   Thumb Code    52  nokia5110.o(i.Nokia5110_OutChar)
    Nokia5110_OutString                      0x00000ef1   Thumb Code    22  nokia5110.o(i.Nokia5110_OutString)
    Nokia5110_PrintBMP                       0x00000f09   Thumb Code   420  nokia5110.o(i.Nokia5110_PrintBMP)
    Nokia5110_SetCursor                      0x000010b1   Thumb Code    48  nokia5110.o(i.Nokia5110_SetCursor)
    PLL_Init                                 0x000010e1   Thumb Code   118  texas.o(i.PLL_Init)
    SetCode                                  0x0000115d   Thumb Code    20  texas.o(i.SetCode)
    SetCourse                                0x00001175   Thumb Code    20  texas.o(i.SetCourse)
    TExaS_Init                               0x0000118d   Thumb Code   324  texas.o(i.TExaS_Init)
    Timer2A_Handler                          0x00001351   Thumb Code   116  spaceinvaders.o(i.Timer2A_Handler)
    Timer4A_Handler                          0x000013e1   Thumb Code    20  texas.o(i.Timer4A_Handler)
    Timer5A_Handler                          0x00001401   Thumb Code    34  texas.o(i.Timer5A_Handler)
    UART0_Init                               0x00001431   Thumb Code   160  texas.o(i.UART0_Init)
    clear_Int                                0x000014f1   Thumb Code    22  timer.o(i.clear_Int)
    interrupt_init                           0x00001509   Thumb Code    46  spaceinvaders.o(i.interrupt_init)
    main                                     0x00001589   Thumb Code   238  spaceinvaders.o(i.main)
    timer_init                               0x00001705   Thumb Code   354  timer.o(i.timer_init)
    __aeabi_d2f                              0x00001879   Thumb Code     0  d2f.o(x$fpl$d2f)
    _d2f                                     0x00001879   Thumb Code    98  d2f.o(x$fpl$d2f)
    __aeabi_dadd                             0x000018dd   Thumb Code     0  daddsub_clz.o(x$fpl$dadd)
    _dadd                                    0x000018dd   Thumb Code   332  daddsub_clz.o(x$fpl$dadd)
    __aeabi_ddiv                             0x00001a2d   Thumb Code     0  ddiv.o(x$fpl$ddiv)
    _ddiv                                    0x00001a2d   Thumb Code   552  ddiv.o(x$fpl$ddiv)
    __aeabi_dmul                             0x00001cdd   Thumb Code     0  dmul.o(x$fpl$dmul)
    _dmul                                    0x00001cdd   Thumb Code   332  dmul.o(x$fpl$dmul)
    __fpl_dnaninf                            0x00001e31   Thumb Code   156  dnaninf.o(x$fpl$dnaninf)
    __fpl_dretinf                            0x00001ecd   Thumb Code    12  dretinf.o(x$fpl$dretinf)
    __aeabi_dsub                             0x00001ed9   Thumb Code     0  daddsub_clz.o(x$fpl$dsub)
    _dsub                                    0x00001ed9   Thumb Code   464  daddsub_clz.o(x$fpl$dsub)
    __aeabi_f2d                              0x000020ad   Thumb Code     0  f2d.o(x$fpl$f2d)
    _f2d                                     0x000020ad   Thumb Code    86  f2d.o(x$fpl$f2d)
    __aeabi_f2iz                             0x00002105   Thumb Code     0  ffix.o(x$fpl$ffix)
    _ffix                                    0x00002105   Thumb Code    54  ffix.o(x$fpl$ffix)
    __aeabi_i2f                              0x0000213d   Thumb Code     0  fflt_clz.o(x$fpl$fflt)
    _fflt                                    0x0000213d   Thumb Code    48  fflt_clz.o(x$fpl$fflt)
    __aeabi_fmul                             0x0000216d   Thumb Code     0  fmul.o(x$fpl$fmul)
    _fmul                                    0x0000216d   Thumb Code   258  fmul.o(x$fpl$fmul)
    __fpl_fnaninf                            0x0000226f   Thumb Code   140  fnaninf.o(x$fpl$fnaninf)
    __fpl_fretinf                            0x000022fb   Thumb Code    10  fretinf.o(x$fpl$fretinf)
    __I$use$fp                               0x00002304   Number         0  usenofp.o(x$fpl$usenofp)
    rCar                                     0x000026c4   Data         199  spaceinvaders.o(.constdata)
    BigExplosion1                            0x0000278b   Data         215  spaceinvaders.o(.constdata)
    NoInputMsg                               0x00002862   Data          40  texas.o(.constdata)
    OutputPortMsg0                           0x0000288a   Data          40  texas.o(.constdata)
    OutputPortMsg1                           0x000028b2   Data          40  texas.o(.constdata)
    OutputPortMsg2                           0x000028da   Data          40  texas.o(.constdata)
    OutputPortMsg3                           0x00002902   Data          40  texas.o(.constdata)
    BlankMsg                                 0x0000292a   Data          40  texas.o(.constdata)
    InitializedMsg                           0x00002952   Data          40  texas.o(.constdata)
    IntroMsg                                 0x0000297a   Data          40  texas.o(.constdata)
    DoneMsg                                  0x000029a2   Data          40  texas.o(.constdata)
    Region$$Table$$Base                      0x000029cc   Number         0  anon$$obj.o(Region$$Table)
    Region$$Table$$Limit                     0x000029ec   Number         0  anon$$obj.o(Region$$Table)
    TimerCount                               0x20000000   Data           4  spaceinvaders.o(.data)
    ypos                                     0x20000004   Data           4  spaceinvaders.o(.data)
    ratio                                    0x20000008   Data           4  spaceinvaders.o(.data)
    carPos                                   0x2000000c   Data           4  spaceinvaders.o(.data)
    x                                        0x20000010   Data           4  spaceinvaders.o(.data)
    rCarWidth                                0x20000014   Data           4  spaceinvaders.o(.data)
    rCarHeight                               0x20000018   Data           4  spaceinvaders.o(.data)
    game_state                               0x2000001c   Data           4  spaceinvaders.o(.data)
    lives                                    0x20000020   Data           4  spaceinvaders.o(.data)
    status                                   0x20000024   Data           4  spaceinvaders.o(.data)
    game_started                             0x20000028   Data           4  spaceinvaders.o(.data)
    adcData                                  0x2000002c   Data           4  spaceinvaders.o(.data)
    Semaphore                                0x20000030   Data           4  spaceinvaders.o(.data)
    SW1                                      0x20000034   Data           4  spaceinvaders.o(.data)
    SW2                                      0x20000038   Data           4  spaceinvaders.o(.data)
    character                                0x2000003c   Data           1  spaceinvaders.o(.data)
    yCheck                                   0x20000040   Data           4  spaceinvaders.o(.data)
    TExaS_Period                             0x20000044   Data           4  texas.o(.data)
    TExaS_Ports                              0x20000048   Data           8  texas.o(.data)
    Display                                  0x20000050   Data           1  texas.o(.data)
    TExaS_Meter                              0x20000054   Data           4  texas.o(.data)
    ADCnum                                   0x20000058   Data           4  texas.o(.data)
    LastMode                                 0x2000005c   Data           4  texas.o(.data)
    bFlag                                    0x20000060   Data           4  texas.o(.data)
    Count                                    0x20000064   Data           4  texas.o(.data)
    DelayBetweenTests                        0x20000068   Data           4  texas.o(.data)
    TExaS_Test                               0x2000006c   Data           4  texas.o(.data)
    ScopeMode                                0x20000070   Data           4  texas.o(.data)
    ScopeCount                               0x20000074   Data           4  texas.o(.data)
    delay                                    0x20000078   Data           4  gpio.o(.data)
    portNum                                  0x2000007c   Data           4  gpio.o(.data)
    pinNum                                   0x20000080   Data           4  gpio.o(.data)
    PORTb                                    0x20000084   Data          12  gpio_cnfg.o(.data)
    PORTF_ARR                                0x20000090   Data          96  gpio_cnfg.o(.data)
    PORTE_ARR                                0x200000f0   Data          96  gpio_cnfg.o(.data)
    Timer2                                   0x20000150   Data          16  tim_cng.o(.data)
    Screen                                   0x20000164   Data         504  nokia5110.o(.bss)
    TExaS                                    0x20000360   Data          56  texas.o(.bss)
    __libspace_start                         0x20000398   Data          96  libspace.o(.bss)
    __temporary_stack_top$libspace           0x200003f8   Data           0  libspace.o(.bss)



==============================================================================

Memory Map of the image

  Image Entry point : 0x0000026d

  Load Region LR_1 (Base: 0x00000000, Size: 0x00002b50, Max: 0xffffffff, ABSOLUTE, COMPRESSED[0x00002a50])

    Execution Region ER_RO (Base: 0x00000000, Size: 0x000029ec, Max: 0xffffffff, ABSOLUTE)

    Base Addr    Size         Type   Attr      Idx    E Section Name        Object

    0x00000000   0x00000284   Code   RO            3  * RESET               startup.o
    0x00000284   0x00000008   Code   RO          502  * !!!main             c_w.l(__main.o)
    0x0000028c   0x00000034   Code   RO          704    !!!scatter          c_w.l(__scatter.o)
    0x000002c0   0x0000005a   Code   RO          702    !!dczerorl2         c_w.l(__dczerorl2.o)
    0x0000031a   0x00000002   PAD
    0x0000031c   0x0000001c   Code   RO          706    !!handler_zi        c_w.l(__scatter_zi.o)
    0x00000338   0x00000000   Code   RO          499    .ARM.Collect$$_printf_percent$$00000000  c_w.l(_printf_percent.o)
    0x00000338   0x00000006   Code   RO          497    .ARM.Collect$$_printf_percent$$00000009  c_w.l(_printf_d.o)
    0x0000033e   0x00000006   Code   RO          498    .ARM.Collect$$_printf_percent$$0000000A  c_w.l(_printf_u.o)
    0x00000344   0x00000004   Code   RO          539    .ARM.Collect$$_printf_percent$$00000017  c_w.l(_printf_percent_end.o)
    0x00000348   0x00000002   Code   RO          575    .ARM.Collect$$libinit$$00000000  c_w.l(libinit.o)
    0x0000034a   0x00000000   Code   RO          582    .ARM.Collect$$libinit$$00000002  c_w.l(libinit2.o)
    0x0000034a   0x00000000   Code   RO          585    .ARM.Collect$$libinit$$00000008  c_w.l(libinit2.o)
    0x0000034a   0x00000000   Code   RO          587    .ARM.Collect$$libinit$$0000000A  c_w.l(libinit2.o)
    0x0000034a   0x00000000   Code   RO          589    .ARM.Collect$$libinit$$0000000C  c_w.l(libinit2.o)
    0x0000034a   0x00000000   Code   RO          592    .ARM.Collect$$libinit$$0000000F  c_w.l(libinit2.o)
    0x0000034a   0x00000000   Code   RO          594    .ARM.Collect$$libinit$$00000011  c_w.l(libinit2.o)
    0x0000034a   0x00000000   Code   RO          596    .ARM.Collect$$libinit$$00000013  c_w.l(libinit2.o)
    0x0000034a   0x00000000   Code   RO          598    .ARM.Collect$$libinit$$00000015  c_w.l(libinit2.o)
    0x0000034a   0x00000000   Code   RO          600    .ARM.Collect$$libinit$$00000017  c_w.l(libinit2.o)
    0x0000034a   0x00000000   Code   RO          602    .ARM.Collect$$libinit$$00000019  c_w.l(libinit2.o)
    0x0000034a   0x00000000   Code   RO          604    .ARM.Collect$$libinit$$0000001B  c_w.l(libinit2.o)
    0x0000034a   0x00000000   Code   RO          606    .ARM.Collect$$libinit$$0000001D  c_w.l(libinit2.o)
    0x0000034a   0x00000000   Code   RO          608    .ARM.Collect$$libinit$$0000001F  c_w.l(libinit2.o)
    0x0000034a   0x00000000   Code   RO          610    .ARM.Collect$$libinit$$00000021  c_w.l(libinit2.o)
    0x0000034a   0x00000000   Code   RO          612    .ARM.Collect$$libinit$$00000023  c_w.l(libinit2.o)
    0x0000034a   0x00000000   Code   RO          616    .ARM.Collect$$libinit$$0000002A  c_w.l(libinit2.o)
    0x0000034a   0x00000000   Code   RO          618    .ARM.Collect$$libinit$$0000002C  c_w.l(libinit2.o)
    0x0000034a   0x00000000   Code   RO          620    .ARM.Collect$$libinit$$0000002E  c_w.l(libinit2.o)
    0x0000034a   0x00000000   Code   RO          622    .ARM.Collect$$libinit$$00000030  c_w.l(libinit2.o)
    0x0000034a   0x00000002   Code   RO          623    .ARM.Collect$$libinit$$00000031  c_w.l(libinit2.o)
    0x0000034c   0x00000002   Code   RO          643    .ARM.Collect$$libshutdown$$00000000  c_w.l(libshutdown.o)
    0x0000034e   0x00000000   Code   RO          657    .ARM.Collect$$libshutdown$$00000003  c_w.l(libshutdown2.o)
    0x0000034e   0x00000000   Code   RO          660    .ARM.Collect$$libshutdown$$00000006  c_w.l(libshutdown2.o)
    0x0000034e   0x00000000   Code   RO          663    .ARM.Collect$$libshutdown$$00000009  c_w.l(libshutdown2.o)
    0x0000034e   0x00000000   Code   RO          665    .ARM.Collect$$libshutdown$$0000000B  c_w.l(libshutdown2.o)
    0x0000034e   0x00000000   Code   RO          668    .ARM.Collect$$libshutdown$$0000000E  c_w.l(libshutdown2.o)
    0x0000034e   0x00000002   Code   RO          669    .ARM.Collect$$libshutdown$$0000000F  c_w.l(libshutdown2.o)
    0x00000350   0x00000000   Code   RO          532    .ARM.Collect$$rtentry$$00000000  c_w.l(rtentry.o)
    0x00000350   0x00000000   Code   RO          550    .ARM.Collect$$rtentry$$00000002  c_w.l(rtentry2.o)
    0x00000350   0x00000006   Code   RO          562    .ARM.Collect$$rtentry$$00000004  c_w.l(rtentry4.o)
    0x00000356   0x00000000   Code   RO          552    .ARM.Collect$$rtentry$$00000009  c_w.l(rtentry2.o)
    0x00000356   0x00000004   Code   RO          553    .ARM.Collect$$rtentry$$0000000A  c_w.l(rtentry2.o)
    0x0000035a   0x00000000   Code   RO          555    .ARM.Collect$$rtentry$$0000000C  c_w.l(rtentry2.o)
    0x0000035a   0x00000008   Code   RO          556    .ARM.Collect$$rtentry$$0000000D  c_w.l(rtentry2.o)
    0x00000362   0x00000002   Code   RO          579    .ARM.Collect$$rtexit$$00000000  c_w.l(rtexit.o)
    0x00000364   0x00000000   Code   RO          625    .ARM.Collect$$rtexit$$00000002  c_w.l(rtexit2.o)
    0x00000364   0x00000004   Code   RO          626    .ARM.Collect$$rtexit$$00000003  c_w.l(rtexit2.o)
    0x00000368   0x00000006   Code   RO          627    .ARM.Collect$$rtexit$$00000004  c_w.l(rtexit2.o)
    0x0000036e   0x00000002   PAD
    0x00000370   0x00000030   Code   RO            4    .text               startup.o
    0x000003a0   0x00000040   Code   RO           92    .text               random.o
    0x000003e0   0x00000028   Code   RO          471    .text               c_w.l(noretval__2sprintf.o)
    0x00000408   0x00000068   Code   RO          473    .text               c_w.l(__printf.o)
    0x00000470   0x00000078   Code   RO          475    .text               c_w.l(_printf_dec.o)
    0x000004e8   0x00000006   Code   RO          500    .text               c_w.l(heapauxi.o)
    0x000004ee   0x000000b8   Code   RO          533    .text               c_w.l(_printf_intcommon.o)
    0x000005a6   0x00000002   PAD
    0x000005a8   0x00000030   Code   RO          535    .text               c_w.l(_printf_char_common.o)
    0x000005d8   0x0000000a   Code   RO          537    .text               c_w.l(_sputc.o)
    0x000005e2   0x0000004a   Code   RO          566    .text               c_w.l(sys_stackheap_outer.o)
    0x0000062c   0x0000000c   Code   RO          568    .text               c_w.l(exit.o)
    0x00000638   0x00000008   Code   RO          576    .text               c_w.l(libspace.o)
    0x00000640   0x0000000c   Code   RO          635    .text               c_w.l(sys_exit.o)
    0x0000064c   0x00000002   Code   RO          646    .text               c_w.l(use_no_semi.o)
    0x0000064e   0x00000000   Code   RO          648    .text               c_w.l(indicate_semi.o)
    0x0000064e   0x00000002   PAD
    0x00000650   0x0000002c   Code   RO           97    i.ADC0_InSeq3       spaceinvaders.o
    0x0000067c   0x00000108   Code   RO           98    i.ADC0_Init         spaceinvaders.o
    0x00000784   0x0000000c   Code   RO          241    i.ADC1_In           texas.o
    0x00000790   0x000000d4   Code   RO          242    i.ADC1_Init         texas.o
    0x00000864   0x00000188   Code   RO           99    i.Check_Col         spaceinvaders.o
    0x000009ec   0x00000024   Code   RO          100    i.Delay100ms        spaceinvaders.o
    0x00000a10   0x00000074   Code   RO          101    i.Draw_Cars         spaceinvaders.o
    0x00000a84   0x00000044   Code   RO          102    i.GPIOPortB_Handler  spaceinvaders.o
    0x00000ac8   0x00000168   Code   RO          362    i.GPIO_init         gpio.o
    0x00000c30   0x00000022   Code   RO          364    i.GPIO_write_pin    gpio.o
    0x00000c52   0x00000002   PAD
    0x00000c54   0x0000005c   Code   RO          365    i.Game_init         gpio.o
    0x00000cb0   0x00000030   Code   RO          103    i.IntCtrl_EnableIRQ  spaceinvaders.o
    0x00000ce0   0x00000020   Code   RO           12    i.Nokia5110_Clear   nokia5110.o
    0x00000d00   0x00000018   Code   RO           13    i.Nokia5110_ClearBuffer  nokia5110.o
    0x00000d18   0x00000010   Code   RO           14    i.Nokia5110_DisplayBuffer  nokia5110.o
    0x00000d28   0x00000022   Code   RO           15    i.Nokia5110_DrawFullImage  nokia5110.o
    0x00000d4a   0x00000002   PAD
    0x00000d4c   0x0000016c   Code   RO           16    i.Nokia5110_Init    nokia5110.o
    0x00000eb8   0x00000038   Code   RO           17    i.Nokia5110_OutChar  nokia5110.o
    0x00000ef0   0x00000016   Code   RO           18    i.Nokia5110_OutString  nokia5110.o
    0x00000f06   0x00000002   PAD
    0x00000f08   0x000001a8   Code   RO           20    i.Nokia5110_PrintBMP  nokia5110.o
    0x000010b0   0x00000030   Code   RO           21    i.Nokia5110_SetCursor  nokia5110.o
    0x000010e0   0x0000007c   Code   RO          243    i.PLL_Init          texas.o
    0x0000115c   0x00000018   Code   RO          244    i.SetCode           texas.o
    0x00001174   0x00000018   Code   RO          245    i.SetCourse         texas.o
    0x0000118c   0x000001c4   Code   RO          249    i.TExaS_Init        texas.o
    0x00001350   0x00000090   Code   RO          105    i.Timer2A_Handler   spaceinvaders.o
    0x000013e0   0x00000020   Code   RO          251    i.Timer4A_Handler   texas.o
    0x00001400   0x00000030   Code   RO          252    i.Timer5A_Handler   texas.o
    0x00001430   0x000000c0   Code   RO          255    i.UART0_Init        texas.o
    0x000014f0   0x00000016   Code   RO          437    i.clear_Int         timer.o
    0x00001506   0x00000002   PAD
    0x00001508   0x00000034   Code   RO          109    i.interrupt_init    spaceinvaders.o
    0x0000153c   0x0000004c   Code   RO           22    i.lcdwrite          nokia5110.o
    0x00001588   0x0000017c   Code   RO          110    i.main              spaceinvaders.o
    0x00001704   0x00000174   Code   RO          438    i.timer_init        timer.o
    0x00001878   0x00000062   Code   RO          504    x$fpl$d2f           fz_ws.l(d2f.o)
    0x000018da   0x00000002   PAD
    0x000018dc   0x00000150   Code   RO          506    x$fpl$dadd          fz_ws.l(daddsub_clz.o)
    0x00001a2c   0x000002b0   Code   RO          513    x$fpl$ddiv          fz_ws.l(ddiv.o)
    0x00001cdc   0x00000154   Code   RO          516    x$fpl$dmul          fz_ws.l(dmul.o)
    0x00001e30   0x0000009c   Code   RO          540    x$fpl$dnaninf       fz_ws.l(dnaninf.o)
    0x00001ecc   0x0000000c   Code   RO          542    x$fpl$dretinf       fz_ws.l(dretinf.o)
    0x00001ed8   0x000001d4   Code   RO          508    x$fpl$dsub          fz_ws.l(daddsub_clz.o)
    0x000020ac   0x00000056   Code   RO          518    x$fpl$f2d           fz_ws.l(f2d.o)
    0x00002102   0x00000002   PAD
    0x00002104   0x00000036   Code   RO          520    x$fpl$ffix          fz_ws.l(ffix.o)
    0x0000213a   0x00000002   PAD
    0x0000213c   0x00000030   Code   RO          525    x$fpl$fflt          fz_ws.l(fflt_clz.o)
    0x0000216c   0x00000102   Code   RO          530    x$fpl$fmul          fz_ws.l(fmul.o)
    0x0000226e   0x0000008c   Code   RO          544    x$fpl$fnaninf       fz_ws.l(fnaninf.o)
    0x000022fa   0x0000000a   Code   RO          546    x$fpl$fretinf       fz_ws.l(fretinf.o)
    0x00002304   0x00000000   Code   RO          548    x$fpl$usenofp       fz_ws.l(usenofp.o)
    0x00002304   0x000001e0   Data   RO           24    .constdata          nokia5110.o
    0x000024e4   0x0000037e   Data   RO          111    .constdata          spaceinvaders.o
    0x00002862   0x00000168   Data   RO          260    .constdata          texas.o
    0x000029ca   0x00000002   PAD
    0x000029cc   0x00000020   Data   RO          700    Region$$Table       anon$$obj.o


    Execution Region ER_RW (Base: 0x20000000, Size: 0x00000164, Max: 0xffffffff, ABSOLUTE, COMPRESSED[0x00000064])

    Base Addr    Size         Type   Attr      Idx    E Section Name        Object

    0x20000000   0x00000044   Data   RW          112    .data               spaceinvaders.o
    0x20000044   0x00000034   Data   RW          261    .data               texas.o
    0x20000078   0x0000000c   Data   RW          366    .data               gpio.o
    0x20000084   0x000000cc   Data   RW          403    .data               gpio_cnfg.o
    0x20000150   0x00000010   Data   RW          420    .data               tim_cng.o
    0x20000160   0x00000004   Data   RW           91    DATA                random.o


    Execution Region ER_ZI (Base: 0x20000164, Size: 0x00000694, Max: 0xffffffff, ABSOLUTE)

    Base Addr    Size         Type   Attr      Idx    E Section Name        Object

    0x20000164   0x000001f8   Zero   RW           23    .bss                nokia5110.o
    0x2000035c   0x00000004   PAD
    0x20000360   0x00000038   Zero   RW          259    .bss                texas.o
    0x20000398   0x00000060   Zero   RW          577    .bss                c_w.l(libspace.o)
    0x200003f8   0x00000000   Zero   RW            2    HEAP                startup.o
    0x200003f8   0x00000400   Zero   RW            1    STACK               startup.o


==============================================================================

Image component sizes


      Code (inc. data)   RO Data    RW Data    ZI Data      Debug   Object Name

       486         34          0         12          0       1944   gpio.o
         0          0          0        204          0        460   gpio_cnfg.o
      1096         76        480          0        504       8653   nokia5110.o
        64         14          0          4          0        192   random.o
      1544        410        894         68          0      34799   spaceinvaders.o
       692        632          0          0       1024        884   startup.o
      1120        244        360         52         56      15512   texas.o
         0          0          0         16          0        157   tim_cng.o
       394         18          0          0          0       1429   timer.o

    ----------------------------------------------------------------------
      5404       1428       1768        356       1588      64030   Object Totals
         0          0         32          0          0          0   (incl. Generated)
         8          0          2          0          4          0   (incl. Padding)

    ----------------------------------------------------------------------

      Code (inc. data)   RO Data    RW Data    ZI Data      Debug   Library Member Name

        90          0          0          0          0          0   __dczerorl2.o
         8          0          0          0          0         68   __main.o
       104          0          0          0          0         84   __printf.o
        52          8          0          0          0          0   __scatter.o
        28          0          0          0          0          0   __scatter_zi.o
        48          6          0          0          0         96   _printf_char_common.o
         6          0          0          0          0          0   _printf_d.o
       120         18          0          0          0         92   _printf_dec.o
       184          0          0          0          0         88   _printf_intcommon.o
         0          0          0          0          0          0   _printf_percent.o
         4          0          0          0          0          0   _printf_percent_end.o
         6          0          0          0          0          0   _printf_u.o
        10          0          0          0          0         68   _sputc.o
        12          0          0          0          0         72   exit.o
         6          0          0          0          0        152   heapauxi.o
         0          0          0          0          0          0   indicate_semi.o
         2          0          0          0          0          0   libinit.o
         2          0          0          0          0          0   libinit2.o
         2          0          0          0          0          0   libshutdown.o
         2          0          0          0          0          0   libshutdown2.o
         8          4          0          0         96         68   libspace.o
        40          6          0          0          0         84   noretval__2sprintf.o
         0          0          0          0          0          0   rtentry.o
        12          0          0          0          0          0   rtentry2.o
         6          0          0          0          0          0   rtentry4.o
         2          0          0          0          0          0   rtexit.o
        10          0          0          0          0          0   rtexit2.o
        12          4          0          0          0         68   sys_exit.o
        74          0          0          0          0         80   sys_stackheap_outer.o
         2          0          0          0          0         68   use_no_semi.o
        98          4          0          0          0         92   d2f.o
       804         16          0          0          0        272   daddsub_clz.o
       688        140          0          0          0        208   ddiv.o
       340         12          0          0          0        104   dmul.o
       156          4          0          0          0         92   dnaninf.o
        12          0          0          0          0         68   dretinf.o
        86          4          0          0          0         84   f2d.o
        54          4          0          0          0         84   ffix.o
        48          0          0          0          0         68   fflt_clz.o
       258          4          0          0          0         84   fmul.o
       140          4          0          0          0         84   fnaninf.o
        10          0          0          0          0         68   fretinf.o
         0          0          0          0          0          0   usenofp.o

    ----------------------------------------------------------------------
      3560        238          0          0         96       2396   Library Totals
        14          0          0          0          0          0   (incl. Padding)

    ----------------------------------------------------------------------

      Code (inc. data)   RO Data    RW Data    ZI Data      Debug   Library Name

       852         46          0          0         96       1088   c_w.l
      2694        192          0          0          0       1308   fz_ws.l

    ----------------------------------------------------------------------
      3560        238          0          0         96       2396   Library Totals

    ----------------------------------------------------------------------

==============================================================================


      Code (inc. data)   RO Data    RW Data    ZI Data      Debug   

      8964       1666       1768        356       1684      63566   Grand Totals
      8964       1666       1768        100       1684      63566   ELF Image Totals (compressed)
      8964       1666       1768        100          0          0   ROM Totals

==============================================================================

    Total RO  Size (Code + RO Data)                10732 (  10.48kB)
    Total RW  Size (RW Data + ZI Data)              2040 (   1.99kB)
    Total ROM Size (Code + RO Data + RW Data)      10832 (  10.58kB)

==============================================================================

